Archive member included to satisfy reference by file (symbol)

d:/stm32cube/stm32cubeide_1.7.0/stm32cubeide/plugins/com.st.stm32cube.ide.mcu.externaltools.gnu-tools-for-stm32.10.3-2021.10.win32_1.0.0.202111181127/tools/bin/../lib/gcc/arm-none-eabi/10.3.1/../../../../arm-none-eabi/lib/thumb/v7-m/nofp\libc_nano.a(lib_a-errno.o)
                              ./Core/Src/syscalls.o (__errno)
d:/stm32cube/stm32cubeide_1.7.0/stm32cubeide/plugins/com.st.stm32cube.ide.mcu.externaltools.gnu-tools-for-stm32.10.3-2021.10.win32_1.0.0.202111181127/tools/bin/../lib/gcc/arm-none-eabi/10.3.1/../../../../arm-none-eabi/lib/thumb/v7-m/nofp\libc_nano.a(lib_a-exit.o)
                              d:/stm32cube/stm32cubeide_1.7.0/stm32cubeide/plugins/com.st.stm32cube.ide.mcu.externaltools.gnu-tools-for-stm32.10.3-2021.10.win32_1.0.0.202111181127/tools/bin/../lib/gcc/arm-none-eabi/10.3.1/../../../../arm-none-eabi/lib/thumb/v7-m/nofp/crt0.o (exit)
d:/stm32cube/stm32cubeide_1.7.0/stm32cubeide/plugins/com.st.stm32cube.ide.mcu.externaltools.gnu-tools-for-stm32.10.3-2021.10.win32_1.0.0.202111181127/tools/bin/../lib/gcc/arm-none-eabi/10.3.1/../../../../arm-none-eabi/lib/thumb/v7-m/nofp\libc_nano.a(lib_a-impure.o)
                              d:/stm32cube/stm32cubeide_1.7.0/stm32cubeide/plugins/com.st.stm32cube.ide.mcu.externaltools.gnu-tools-for-stm32.10.3-2021.10.win32_1.0.0.202111181127/tools/bin/../lib/gcc/arm-none-eabi/10.3.1/../../../../arm-none-eabi/lib/thumb/v7-m/nofp\libc_nano.a(lib_a-exit.o) (_global_impure_ptr)
d:/stm32cube/stm32cubeide_1.7.0/stm32cubeide/plugins/com.st.stm32cube.ide.mcu.externaltools.gnu-tools-for-stm32.10.3-2021.10.win32_1.0.0.202111181127/tools/bin/../lib/gcc/arm-none-eabi/10.3.1/../../../../arm-none-eabi/lib/thumb/v7-m/nofp\libc_nano.a(lib_a-init.o)
                              d:/stm32cube/stm32cubeide_1.7.0/stm32cubeide/plugins/com.st.stm32cube.ide.mcu.externaltools.gnu-tools-for-stm32.10.3-2021.10.win32_1.0.0.202111181127/tools/bin/../lib/gcc/arm-none-eabi/10.3.1/../../../../arm-none-eabi/lib/thumb/v7-m/nofp/crt0.o (__libc_init_array)
d:/stm32cube/stm32cubeide_1.7.0/stm32cubeide/plugins/com.st.stm32cube.ide.mcu.externaltools.gnu-tools-for-stm32.10.3-2021.10.win32_1.0.0.202111181127/tools/bin/../lib/gcc/arm-none-eabi/10.3.1/../../../../arm-none-eabi/lib/thumb/v7-m/nofp\libc_nano.a(lib_a-memset.o)
                              d:/stm32cube/stm32cubeide_1.7.0/stm32cubeide/plugins/com.st.stm32cube.ide.mcu.externaltools.gnu-tools-for-stm32.10.3-2021.10.win32_1.0.0.202111181127/tools/bin/../lib/gcc/arm-none-eabi/10.3.1/../../../../arm-none-eabi/lib/thumb/v7-m/nofp/crt0.o (memset)
d:/stm32cube/stm32cubeide_1.7.0/stm32cubeide/plugins/com.st.stm32cube.ide.mcu.externaltools.gnu-tools-for-stm32.10.3-2021.10.win32_1.0.0.202111181127/tools/bin/../lib/gcc/arm-none-eabi/10.3.1/../../../../arm-none-eabi/lib/thumb/v7-m/nofp\libc_nano.a(lib_a-sprintf.o)
                              ./Core/Src/input_processing.o (sprintf)
d:/stm32cube/stm32cubeide_1.7.0/stm32cubeide/plugins/com.st.stm32cube.ide.mcu.externaltools.gnu-tools-for-stm32.10.3-2021.10.win32_1.0.0.202111181127/tools/bin/../lib/gcc/arm-none-eabi/10.3.1/../../../../arm-none-eabi/lib/thumb/v7-m/nofp\libc_nano.a(lib_a-nano-svfprintf.o)
                              d:/stm32cube/stm32cubeide_1.7.0/stm32cubeide/plugins/com.st.stm32cube.ide.mcu.externaltools.gnu-tools-for-stm32.10.3-2021.10.win32_1.0.0.202111181127/tools/bin/../lib/gcc/arm-none-eabi/10.3.1/../../../../arm-none-eabi/lib/thumb/v7-m/nofp\libc_nano.a(lib_a-sprintf.o) (_svfprintf_r)
d:/stm32cube/stm32cubeide_1.7.0/stm32cubeide/plugins/com.st.stm32cube.ide.mcu.externaltools.gnu-tools-for-stm32.10.3-2021.10.win32_1.0.0.202111181127/tools/bin/../lib/gcc/arm-none-eabi/10.3.1/../../../../arm-none-eabi/lib/thumb/v7-m/nofp\libc_nano.a(lib_a-nano-vfprintf_i.o)
                              d:/stm32cube/stm32cubeide_1.7.0/stm32cubeide/plugins/com.st.stm32cube.ide.mcu.externaltools.gnu-tools-for-stm32.10.3-2021.10.win32_1.0.0.202111181127/tools/bin/../lib/gcc/arm-none-eabi/10.3.1/../../../../arm-none-eabi/lib/thumb/v7-m/nofp\libc_nano.a(lib_a-nano-svfprintf.o) (_printf_i)
d:/stm32cube/stm32cubeide_1.7.0/stm32cubeide/plugins/com.st.stm32cube.ide.mcu.externaltools.gnu-tools-for-stm32.10.3-2021.10.win32_1.0.0.202111181127/tools/bin/../lib/gcc/arm-none-eabi/10.3.1/../../../../arm-none-eabi/lib/thumb/v7-m/nofp\libc_nano.a(lib_a-memchr-stub.o)
                              d:/stm32cube/stm32cubeide_1.7.0/stm32cubeide/plugins/com.st.stm32cube.ide.mcu.externaltools.gnu-tools-for-stm32.10.3-2021.10.win32_1.0.0.202111181127/tools/bin/../lib/gcc/arm-none-eabi/10.3.1/../../../../arm-none-eabi/lib/thumb/v7-m/nofp\libc_nano.a(lib_a-nano-svfprintf.o) (memchr)
d:/stm32cube/stm32cubeide_1.7.0/stm32cubeide/plugins/com.st.stm32cube.ide.mcu.externaltools.gnu-tools-for-stm32.10.3-2021.10.win32_1.0.0.202111181127/tools/bin/../lib/gcc/arm-none-eabi/10.3.1/../../../../arm-none-eabi/lib/thumb/v7-m/nofp\libc_nano.a(lib_a-memcpy-stub.o)
[...]
Memory Configuration

Name             Origin             Length             Attributes
RAM              0x0000000020000000 0x0000000000005000 xrw
FLASH            0x0000000008000000 0x0000000000020000 xr
*default*        0x0000000000000000 0xffffffffffffffff

Linker script and memory map

LOAD d:/stm32cube/stm32cubeide_1.7.0/stm32cubeide/plugins/com.st.stm32cube.ide.mcu.externaltools.gnu-tools-for-stm32.10.3-2021.10.win32_1.0.0.202111181127/tools/bin/../lib/gcc/arm-none-eabi/10.3.1/thumb/v7-m/nofp/crti.o
LOAD d:/stm32cube/stm32cubeide_1.7.0/stm32cubeide/plugins/com.st.stm32cube.ide.mcu.externaltools.gnu-tools-for-stm32.10.3-2021.10.win32_1.0.0.202111181127/tools/bin/../lib/gcc/arm-none-eabi/10.3.1/thumb/v7-m/nofp/crtbegin.o
LOAD d:/stm32cube/stm32cubeide_1.7.0/stm32cubeide/plugins/com.st.stm32cube.ide.mcu.externaltools.gnu-tools-for-stm32.10.3-2021.10.win32_1.0.0.202111181127/tools/bin/../lib/gcc/arm-none-eabi/10.3.1/../../../../arm-none-eabi/lib/thumb/v7-m/nofp/crt0.o
LOAD ./Core/Src/SoftwareTimer.o
LOAD ./Core/Src/button.o
LOAD ./Core/Src/global.o
LOAD ./Core/Src/input_processing.o
LOAD ./Core/Src/main.o
LOAD ./Core/Src/stm32f1xx_hal_msp.o
LOAD ./Core/Src/stm32f1xx_it.o
LOAD ./Core/Src/syscalls.o
LOAD ./Core/Src/sysmem.o
LOAD ./Core/Src/system_stm32f1xx.o
LOAD ./Core/Startup/startup_stm32f103rbtx.o
LOAD ./Drivers/STM32F1xx_HAL_Driver/Src/stm32f1xx_hal.o
LOAD ./Drivers/STM32F1xx_HAL_Driver/Src/stm32f1xx_hal_cortex.o
LOAD ./Drivers/STM32F1xx_HAL_Driver/Src/stm32f1xx_hal_dma.o
LOAD ./Drivers/STM32F1xx_HAL_Driver/Src/stm32f1xx_hal_exti.o
LOAD ./Drivers/STM32F1xx_HAL_Driver/Src/stm32f1xx_hal_flash.o
LOAD ./Drivers/STM32F1xx_HAL_Driver/Src/stm32f1xx_hal_flash_ex.o
LOAD ./Drivers/STM32F1xx_HAL_Driver/Src/stm32f1xx_hal_gpio.o
LOAD ./Drivers/STM32F1xx_HAL_Driver/Src/stm32f1xx_hal_gpio_ex.o
LOAD ./Drivers/STM32F1xx_HAL_Driver/Src/stm32f1xx_hal_pwr.o
LOAD ./Drivers/STM32F1xx_HAL_Driver/Src/stm32f1xx_hal_rcc.o
LOAD ./Drivers/STM32F1xx_HAL_Driver/Src/stm32f1xx_hal_rcc_ex.o
LOAD ./Drivers/STM32F1xx_HAL_Driver/Src/stm32f1xx_hal_tim.o
LOAD ./Drivers/STM32F1xx_HAL_Driver/Src/stm32f1xx_hal_tim_ex.o
LOAD ./Drivers/STM32F1xx_HAL_Driver/Src/stm32f1xx_hal_uart.o
START GROUP
LOAD d:/stm32cube/stm32cubeide_1.7.0/stm32cubeide/plugins/com.st.stm32cube.ide.mcu.externaltools.gnu-tools-for-stm32.10.3-2021.10.win32_1.0.0.202111181127/tools/bin/../lib/gcc/arm-none-eabi/10.3.1/../../../../arm-none-eabi/lib/thumb/v7-m/nofp\libc_nano.a
LOAD d:/stm32cube/stm32cubeide_1.7.0/stm32cubeide/plugins/com.st.stm32cube.ide.mcu.externaltools.gnu-tools-for-stm32.10.3-2021.10.win32_1.0.0.202111181127/tools/bin/../lib/gcc/arm-none-eabi/10.3.1/../../../../arm-none-eabi/lib/thumb/v7-m/nofp\libm.a
END GROUP
START GROUP
LOAD d:/stm32cube/stm32cubeide_1.7.0/stm32cubeide/plugins/com.st.stm32cube.ide.mcu.externaltools.gnu-tools-for-stm32.10.3-2021.10.win32_1.0.0.202111181127/tools/bin/../lib/gcc/arm-none-eabi/10.3.1/thumb/v7-m/nofp\libgcc.a
LOAD d:/stm32cube/stm32cubeide_1.7.0/stm32cubeide/plugins/com.st.stm32cube.ide.mcu.externaltools.gnu-tools-for-stm32.10.3-2021.10.win32_1.0.0.202111181127/tools/bin/../lib/gcc/arm-none-eabi/10.3.1/../../../../arm-none-eabi/lib/thumb/v7-m/nofp\libc_nano.a
END GROUP
START GROUP
LOAD d:/stm32cube/stm32cubeide_1.7.0/stm32cubeide/plugins/com.st.stm32cube.ide.mcu.externaltools.gnu-tools-for-stm32.10.3-2021.10.win32_1.0.0.202111181127/tools/bin/../lib/gcc/arm-none-eabi/10.3.1/thumb/v7-m/nofp\libgcc.a
LOAD d:/stm32cube/stm32cubeide_1.7.0/stm32cubeide/plugins/com.st.stm32cube.ide.mcu.externaltools.gnu-tools-for-stm32.10.3-2021.10.win32_1.0.0.202111181127/tools/bin/../lib/gcc/arm-none-eabi/10.3.1/../../../../arm-none-eabi/lib/thumb/v7-m/nofp\libc_nano.a
LOAD d:/stm32cube/stm32cubeide_1.7.0/stm32cubeide/plugins/com.st.stm32cube.ide.mcu.externaltools.gnu-tools-for-stm32.10.3-2021.10.win32_1.0.0.202111181127/tools/bin/../lib/gcc/arm-none-eabi/10.3.1/../../../../arm-none-eabi/lib/thumb/v7-m/nofp\libnosys.a
END GROUP
START GROUP
LOAD d:/stm32cube/stm32cubeide_1.7.0/stm32cubeide/plugins/com.st.stm32cube.ide.mcu.externaltools.gnu-tools-for-stm32.10.3-2021.10.win32_1.0.0.202111181127/tools/bin/../lib/gcc/arm-none-eabi/10.3.1/thumb/v7-m/nofp\libgcc.a
LOAD d:/stm32cube/stm32cubeide_1.7.0/stm32cubeide/plugins/com.st.stm32cube.ide.mcu.externaltools.gnu-tools-for-stm32.10.3-2021.10.win32_1.0.0.202111181127/tools/bin/../lib/gcc/arm-none-eabi/10.3.1/../../../../arm-none-eabi/lib/thumb/v7-m/nofp\libc_nano.a
LOAD d:/stm32cube/stm32cubeide_1.7.0/stm32cubeide/plugins/com.st.stm32cube.ide.mcu.externaltools.gnu-tools-for-stm32.10.3-2021.10.win32_1.0.0.202111181127/tools/bin/../lib/gcc/arm-none-eabi/10.3.1/../../../../arm-none-eabi/lib/thumb/v7-m/nofp\libnosys.a
END GROUP
LOAD d:/stm32cube/stm32cubeide_1.7.0/stm32cubeide/plugins/com.st.stm32cube.ide.mcu.externaltools.gnu-tools-for-stm32.10.3-2021.10.win32_1.0.0.202111181127/tools/bin/../lib/gcc/arm-none-eabi/10.3.1/thumb/v7-m/nofp/crtend.o
LOAD d:/stm32cube/stm32cubeide_1.7.0/stm32cubeide/plugins/com.st.stm32cube.ide.mcu.externaltools.gnu-tools-for-stm32.10.3-2021.10.win32_1.0.0.202111181127/tools/bin/../lib/gcc/arm-none-eabi/10.3.1/thumb/v7-m/nofp/crtn.o
                0x0000000020005000                _estack = (ORIGIN (RAM) + LENGTH (RAM))
                0x0000000000000200                _Min_Heap_Size = 0x200
                0x0000000000000400                _Min_Stack_Size = 0x400

.isr_vector     0x0000000008000000      0x10c
                0x0000000008000000                . = ALIGN (0x4)
 *(.isr_vector)
 .isr_vector    0x0000000008000000      0x10c ./Core/Startup/startup_stm32f103rbtx.o
                0x0000000008000000                g_pfnVectors
                0x000000000800010c                . = ALIGN (0x4)

.text           0x000000000800010c     0x4930
                0x000000000800010c                . = ALIGN (0x4)
 *(.text)
 .text          0x000000000800010c       0x40 d:/stm32cube/stm32cubeide_1.7.0/stm32cubeide/plugins/com.st.stm32cube.ide.mcu.externaltools.gnu-tools-for-stm32.10.3-2021.10.win32_1.0.0.202111181127/tools/bin/../lib/gcc/arm-none-eabi/10.3.1/thumb/v7-m/nofp/crtbegin.o
 *(.text*)
 .text.setTimer1
                0x000000000800014c       0x34 ./Core/Src/SoftwareTimer.o
                0x000000000800014c                setTimer1
 .text.setTimer2
                0x0000000008000180       0x34 ./Core/Src/SoftwareTimer.o
                0x0000000008000180                setTimer2
 .text.setTimer3
                0x00000000080001b4       0x34 ./Core/Src/SoftwareTimer.o
                0x00000000080001b4                setTimer3
 .text.setTimer4
                0x00000000080001e8       0x34 ./Core/Src/SoftwareTimer.o
                0x00000000080001e8                setTimer4
 .text.TimerRun
                0x000000000800021c       0xac ./Core/Src/SoftwareTimer.o
                0x000000000800021c                TimerRun
 .text.button1_reading
                0x00000000080002c8       0x44 ./Core/Src/button.o
                0x00000000080002c8                button1_reading
 .text.button2_reading
                0x000000000800030c       0x88 ./Core/Src/button.o
                0x000000000800030c                button2_reading
 .text.button3_reading
                0x0000000008000394       0x44 ./Core/Src/button.o
                0x0000000008000394                button3_reading
 .text.button4_reading
                0x00000000080003d8       0x44 ./Core/Src/button.o
                0x00000000080003d8                button4_reading
 .text.button1_pressed
                0x000000000800041c       0x20 ./Core/Src/button.o
                0x000000000800041c                button1_pressed
 .text.button2_pressed
                0x000000000800043c       0x20 ./Core/Src/button.o
                0x000000000800043c                button2_pressed
 .text.button2_pressed_1s
                0x000000000800045c       0x20 ./Core/Src/button.o
                0x000000000800045c                button2_pressed_1s
 .text.button3_pressed
                0x000000000800047c       0x20 ./Core/Src/button.o
                0x000000000800047c                button3_pressed
 .text.button4_pressed
                0x000000000800049c       0x20 ./Core/Src/button.o
                0x000000000800049c                button4_pressed
 .text.fsm_for_input_processing
                0x00000000080004bc      0x888 ./Core/Src/input_processing.o
                0x00000000080004bc                fsm_for_input_processing
 .text.increaseTempDur
                0x0000000008000d44       0x8c ./Core/Src/input_processing.o
                0x0000000008000d44                increaseTempDur
 .text.updateDuration
                0x0000000008000dd0       0x60 ./Core/Src/input_processing.o
                0x0000000008000dd0                updateDuration
 .text.displaySingleLedsMode1
                0x0000000008000e30       0x58 ./Core/Src/input_processing.o
                0x0000000008000e30                displaySingleLedsMode1
 .text.trafficLightCount
                0x0000000008000e88       0xa4 ./Core/Src/input_processing.o
                0x0000000008000e88                trafficLightCount
 .text.turnOffSingleLed
                0x0000000008000f2c       0x10 ./Core/Src/input_processing.o
                0x0000000008000f2c                turnOffSingleLed
 .text.ledBlinking
                0x0000000008000f3c       0x70 ./Core/Src/input_processing.o
                0x0000000008000f3c                ledBlinking
 .text.PES_LED_ON
                0x0000000008000fac       0x28 ./Core/Src/input_processing.o
                0x0000000008000fac                PES_LED_ON
 .text.PES_LED_RED
                0x0000000008000fd4       0x28 ./Core/Src/input_processing.o
                0x0000000008000fd4                PES_LED_RED
 .text.PES_LED_OFF
                0x0000000008000ffc       0x28 ./Core/Src/input_processing.o
                0x0000000008000ffc                PES_LED_OFF
 .text.turnOnGreen1
                0x0000000008001024       0x28 ./Core/Src/input_processing.o
                0x0000000008001024                turnOnGreen1
 .text.turnOnRed1
                0x000000000800104c       0x28 ./Core/Src/input_processing.o
                0x000000000800104c                turnOnRed1
 .text.turnOnYellow1
                0x0000000008001074       0x28 ./Core/Src/input_processing.o
                0x0000000008001074                turnOnYellow1
 .text.turnOff1
                0x000000000800109c       0x28 ./Core/Src/input_processing.o
                0x000000000800109c                turnOff1
 .text.turnOnGreen2
                0x00000000080010c4       0x20 ./Core/Src/input_processing.o
                0x00000000080010c4                turnOnGreen2
 .text.turnOnRed2
                0x00000000080010e4       0x20 ./Core/Src/input_processing.o
                0x00000000080010e4                turnOnRed2
 .text.turnOnYellow2
                0x0000000008001104       0x20 ./Core/Src/input_processing.o
                0x0000000008001104                turnOnYellow2
 .text.turnOff2
                0x0000000008001124       0x20 ./Core/Src/input_processing.o
                0x0000000008001124                turnOff2
 .text.update_led_buffer
                0x0000000008001144       0x48 ./Core/Src/input_processing.o
                0x0000000008001144                update_led_buffer
 .text.main     0x000000000800118c       0x60 ./Core/Src/main.o
                0x000000000800118c                main
 .text.SystemClock_Config
                0x00000000080011ec       0x76 ./Core/Src/main.o
                0x00000000080011ec                SystemClock_Config
 *fill*         0x0000000008001262        0x2 
 .text.MX_TIM2_Init
                0x0000000008001264       0x98 ./Core/Src/main.o
 .text.MX_TIM3_Init
                0x00000000080012fc       0xec ./Core/Src/main.o
 .text.MX_USART2_UART_Init
                0x00000000080013e8       0x54 ./Core/Src/main.o
 .text.MX_GPIO_Init
                0x000000000800143c       0xdc ./Core/Src/main.o
 .text.HAL_TIM_PeriodElapsedCallback
                0x0000000008001518       0x24 ./Core/Src/main.o
                0x0000000008001518                HAL_TIM_PeriodElapsedCallback
 .text.Error_Handler
                0x000000000800153c        0xa ./Core/Src/main.o
                0x000000000800153c                Error_Handler
 *fill*         0x0000000008001546        0x2 
 .text.HAL_MspInit
                0x0000000008001548       0x64 ./Core/Src/stm32f1xx_hal_msp.o
                0x0000000008001548                HAL_MspInit
 .text.HAL_TIM_Base_MspInit
                0x00000000080015ac       0x80 ./Core/Src/stm32f1xx_hal_msp.o
                0x00000000080015ac                HAL_TIM_Base_MspInit
 .text.HAL_TIM_MspPostInit
                0x000000000800162c       0x64 ./Core/Src/stm32f1xx_hal_msp.o
                0x000000000800162c                HAL_TIM_MspPostInit
 .text.HAL_UART_MspInit
                0x0000000008001690       0xa4 ./Core/Src/stm32f1xx_hal_msp.o
                0x0000000008001690                HAL_UART_MspInit
 .text.NMI_Handler
                0x0000000008001734        0x6 ./Core/Src/stm32f1xx_it.o
                0x0000000008001734                NMI_Handler
 .text.HardFault_Handler
                0x000000000800173a        0x6 ./Core/Src/stm32f1xx_it.o
                0x000000000800173a                HardFault_Handler
 .text.MemManage_Handler
                0x0000000008001740        0x6 ./Core/Src/stm32f1xx_it.o
                0x0000000008001740                MemManage_Handler
 .text.BusFault_Handler
                0x0000000008001746        0x6 ./Core/Src/stm32f1xx_it.o
                0x0000000008001746                BusFault_Handler
 .text.UsageFault_Handler
                0x000000000800174c        0x6 ./Core/Src/stm32f1xx_it.o
                0x000000000800174c                UsageFault_Handler
 .text.SVC_Handler
                0x0000000008001752        0xc ./Core/Src/stm32f1xx_it.o
                0x0000000008001752                SVC_Handler
 .text.DebugMon_Handler
                0x000000000800175e        0xc ./Core/Src/stm32f1xx_it.o
                0x000000000800175e                DebugMon_Handler
 .text.PendSV_Handler
                0x000000000800176a        0xc ./Core/Src/stm32f1xx_it.o
                0x000000000800176a                PendSV_Handler
 .text.SysTick_Handler
                0x0000000008001776        0xc ./Core/Src/stm32f1xx_it.o
                0x0000000008001776                SysTick_Handler
 *fill*         0x0000000008001782        0x2 
 .text.TIM2_IRQHandler
                0x0000000008001784       0x14 ./Core/Src/stm32f1xx_it.o
                0x0000000008001784                TIM2_IRQHandler
 .text.TIM3_IRQHandler
                0x0000000008001798       0x14 ./Core/Src/stm32f1xx_it.o
                0x0000000008001798                TIM3_IRQHandler
 .text.USART2_IRQHandler
                0x00000000080017ac       0x14 ./Core/Src/stm32f1xx_it.o
                0x00000000080017ac                USART2_IRQHandler
 .text._sbrk    0x00000000080017c0       0x6c ./Core/Src/sysmem.o
                0x00000000080017c0                _sbrk
 .text.SystemInit
                0x000000000800182c        0xc ./Core/Src/system_stm32f1xx.o
                0x000000000800182c                SystemInit
 .text.Reset_Handler
                0x0000000008001838       0x48 ./Core/Startup/startup_stm32f103rbtx.o
                0x0000000008001838                Reset_Handler
 .text.Default_Handler
                0x0000000008001880        0x2 ./Core/Startup/startup_stm32f103rbtx.o
                0x0000000008001880                RTC_Alarm_IRQHandler
                0x0000000008001880                EXTI2_IRQHandler
                0x0000000008001880                TIM1_CC_IRQHandler
                0x0000000008001880                PVD_IRQHandler
                0x0000000008001880                EXTI3_IRQHandler
                0x0000000008001880                EXTI0_IRQHandler
                0x0000000008001880                I2C2_EV_IRQHandler
                0x0000000008001880                ADC1_2_IRQHandler
                0x0000000008001880                SPI1_IRQHandler
                0x0000000008001880                TAMPER_IRQHandler
                0x0000000008001880                DMA1_Channel4_IRQHandler
                0x0000000008001880                USART3_IRQHandler
                0x0000000008001880                RTC_IRQHandler
                0x0000000008001880                DMA1_Channel7_IRQHandler
                0x0000000008001880                CAN1_RX1_IRQHandler
                0x0000000008001880                TIM4_IRQHandler
                0x0000000008001880                I2C1_EV_IRQHandler
                0x0000000008001880                DMA1_Channel6_IRQHandler
                0x0000000008001880                RCC_IRQHandler
                0x0000000008001880                TIM1_TRG_COM_IRQHandler
                0x0000000008001880                DMA1_Channel1_IRQHandler
                0x0000000008001880                Default_Handler
                0x0000000008001880                EXTI15_10_IRQHandler
                0x0000000008001880                EXTI9_5_IRQHandler
                0x0000000008001880                SPI2_IRQHandler
                0x0000000008001880                DMA1_Channel5_IRQHandler
                0x0000000008001880                EXTI4_IRQHandler
                0x0000000008001880                USB_LP_CAN1_RX0_IRQHandler
                0x0000000008001880                USB_HP_CAN1_TX_IRQHandler
                0x0000000008001880                DMA1_Channel3_IRQHandler
                0x0000000008001880                TIM1_UP_IRQHandler
                0x0000000008001880                WWDG_IRQHandler
                0x0000000008001880                TIM1_BRK_IRQHandler
                0x0000000008001880                EXTI1_IRQHandler
                0x0000000008001880                I2C2_ER_IRQHandler
                0x0000000008001880                DMA1_Channel2_IRQHandler
                0x0000000008001880                CAN1_SCE_IRQHandler
                0x0000000008001880                FLASH_IRQHandler
                0x0000000008001880                USART1_IRQHandler
                0x0000000008001880                I2C1_ER_IRQHandler
                0x0000000008001880                USBWakeUp_IRQHandler
 *fill*         0x0000000008001882        0x2 
 .text.HAL_Init
                0x0000000008001884       0x2c ./Drivers/STM32F1xx_HAL_Driver/Src/stm32f1xx_hal.o
                0x0000000008001884                HAL_Init
 .text.HAL_InitTick
                0x00000000080018b0       0x60 ./Drivers/STM32F1xx_HAL_Driver/Src/stm32f1xx_hal.o
                0x00000000080018b0                HAL_InitTick
 .text.HAL_IncTick
                0x0000000008001910       0x24 ./Drivers/STM32F1xx_HAL_Driver/Src/stm32f1xx_hal.o
                0x0000000008001910                HAL_IncTick
 .text.HAL_GetTick
                0x0000000008001934       0x14 ./Drivers/STM32F1xx_HAL_Driver/Src/stm32f1xx_hal.o
                0x0000000008001934                HAL_GetTick
 .text.__NVIC_SetPriorityGrouping
                0x0000000008001948       0x48 ./Drivers/STM32F1xx_HAL_Driver/Src/stm32f1xx_hal_cortex.o
 .text.__NVIC_GetPriorityGrouping
                0x0000000008001990       0x1c ./Drivers/STM32F1xx_HAL_Driver/Src/stm32f1xx_hal_cortex.o
 .text.__NVIC_EnableIRQ
                0x00000000080019ac       0x38 ./Drivers/STM32F1xx_HAL_Driver/Src/stm32f1xx_hal_cortex.o
 .text.__NVIC_SetPriority
                0x00000000080019e4       0x54 ./Drivers/STM32F1xx_HAL_Driver/Src/stm32f1xx_hal_cortex.o
 .text.NVIC_EncodePriority
                0x0000000008001a38       0x64 ./Drivers/STM32F1xx_HAL_Driver/Src/stm32f1xx_hal_cortex.o
 .text.SysTick_Config
                0x0000000008001a9c       0x44 ./Drivers/STM32F1xx_HAL_Driver/Src/stm32f1xx_hal_cortex.o
 .text.HAL_NVIC_SetPriorityGrouping
                0x0000000008001ae0       0x16 ./Drivers/STM32F1xx_HAL_Driver/Src/stm32f1xx_hal_cortex.o
                0x0000000008001ae0                HAL_NVIC_SetPriorityGrouping
 .text.HAL_NVIC_SetPriority
                0x0000000008001af6       0x38 ./Drivers/STM32F1xx_HAL_Driver/Src/stm32f1xx_hal_cortex.o
                0x0000000008001af6                HAL_NVIC_SetPriority
 .text.HAL_NVIC_EnableIRQ
                0x0000000008001b2e       0x1c ./Drivers/STM32F1xx_HAL_Driver/Src/stm32f1xx_hal_cortex.o
                0x0000000008001b2e                HAL_NVIC_EnableIRQ
 .text.HAL_SYSTICK_Config
                0x0000000008001b4a       0x18 ./Drivers/STM32F1xx_HAL_Driver/Src/stm32f1xx_hal_cortex.o
                0x0000000008001b4a                HAL_SYSTICK_Config
 .text.HAL_DMA_Abort
                0x0000000008001b62       0x74 ./Drivers/STM32F1xx_HAL_Driver/Src/stm32f1xx_hal_dma.o
                0x0000000008001b62                HAL_DMA_Abort
 *fill*         0x0000000008001bd6        0x2 
 .text.HAL_DMA_Abort_IT
                0x0000000008001bd8       0xec ./Drivers/STM32F1xx_HAL_Driver/Src/stm32f1xx_hal_dma.o
                0x0000000008001bd8                HAL_DMA_Abort_IT
 .text.HAL_GPIO_Init
                0x0000000008001cc4      0x308 ./Drivers/STM32F1xx_HAL_Driver/Src/stm32f1xx_hal_gpio.o
                0x0000000008001cc4                HAL_GPIO_Init
 .text.HAL_GPIO_ReadPin
                0x0000000008001fcc       0x2e ./Drivers/STM32F1xx_HAL_Driver/Src/stm32f1xx_hal_gpio.o
                0x0000000008001fcc                HAL_GPIO_ReadPin
 .text.HAL_GPIO_WritePin
                0x0000000008001ffa       0x30 ./Drivers/STM32F1xx_HAL_Driver/Src/stm32f1xx_hal_gpio.o
                0x0000000008001ffa                HAL_GPIO_WritePin
 *fill*         0x000000000800202a        0x2 
 .text.HAL_RCC_OscConfig
                0x000000000800202c      0x504 ./Drivers/STM32F1xx_HAL_Driver/Src/stm32f1xx_hal_rcc.o
                0x000000000800202c                HAL_RCC_OscConfig
 .text.HAL_RCC_ClockConfig
                0x0000000008002530      0x1d4 ./Drivers/STM32F1xx_HAL_Driver/Src/stm32f1xx_hal_rcc.o
                0x0000000008002530                HAL_RCC_ClockConfig
 .text.HAL_RCC_GetSysClockFreq
                0x0000000008002704       0xbc ./Drivers/STM32F1xx_HAL_Driver/Src/stm32f1xx_hal_rcc.o
                0x0000000008002704                HAL_RCC_GetSysClockFreq
 .text.HAL_RCC_GetHCLKFreq
                0x00000000080027c0       0x14 ./Drivers/STM32F1xx_HAL_Driver/Src/stm32f1xx_hal_rcc.o
                0x00000000080027c0                HAL_RCC_GetHCLKFreq
 .text.HAL_RCC_GetPCLK1Freq
                0x00000000080027d4       0x28 ./Drivers/STM32F1xx_HAL_Driver/Src/stm32f1xx_hal_rcc.o
                0x00000000080027d4                HAL_RCC_GetPCLK1Freq
 .text.HAL_RCC_GetPCLK2Freq
                0x00000000080027fc       0x28 ./Drivers/STM32F1xx_HAL_Driver/Src/stm32f1xx_hal_rcc.o
                0x00000000080027fc                HAL_RCC_GetPCLK2Freq
 .text.RCC_Delay
                0x0000000008002824       0x3c ./Drivers/STM32F1xx_HAL_Driver/Src/stm32f1xx_hal_rcc.o
 .text.HAL_TIM_Base_Init
                0x0000000008002860       0x9e ./Drivers/STM32F1xx_HAL_Driver/Src/stm32f1xx_hal_tim.o
                0x0000000008002860                HAL_TIM_Base_Init
 *fill*         0x00000000080028fe        0x2 
 .text.HAL_TIM_Base_Start_IT
                0x0000000008002900       0xa4 ./Drivers/STM32F1xx_HAL_Driver/Src/stm32f1xx_hal_tim.o
                0x0000000008002900                HAL_TIM_Base_Start_IT
 .text.HAL_TIM_PWM_Init
                0x00000000080029a4       0x9e ./Drivers/STM32F1xx_HAL_Driver/Src/stm32f1xx_hal_tim.o
                0x00000000080029a4                HAL_TIM_PWM_Init
 .text.HAL_TIM_PWM_MspInit
                0x0000000008002a42       0x12 ./Drivers/STM32F1xx_HAL_Driver/Src/stm32f1xx_hal_tim.o
                0x0000000008002a42                HAL_TIM_PWM_MspInit
 .text.HAL_TIM_PWM_Start
                0x0000000008002a54      0x144 ./Drivers/STM32F1xx_HAL_Driver/Src/stm32f1xx_hal_tim.o
                0x0000000008002a54                HAL_TIM_PWM_Start
 .text.HAL_TIM_IRQHandler
                0x0000000008002b98      0x210 ./Drivers/STM32F1xx_HAL_Driver/Src/stm32f1xx_hal_tim.o
                0x0000000008002b98                HAL_TIM_IRQHandler
 .text.HAL_TIM_PWM_ConfigChannel
                0x0000000008002da8      0x17c ./Drivers/STM32F1xx_HAL_Driver/Src/stm32f1xx_hal_tim.o
                0x0000000008002da8                HAL_TIM_PWM_ConfigChannel
 .text.HAL_TIM_ConfigClockSource
                0x0000000008002f24      0x188 ./Drivers/STM32F1xx_HAL_Driver/Src/stm32f1xx_hal_tim.o
                0x0000000008002f24                HAL_TIM_ConfigClockSource
 .text.HAL_TIM_OC_DelayElapsedCallback
                0x00000000080030ac       0x12 ./Drivers/STM32F1xx_HAL_Driver/Src/stm32f1xx_hal_tim.o
                0x00000000080030ac                HAL_TIM_OC_DelayElapsedCallback
 .text.HAL_TIM_IC_CaptureCallback
                0x00000000080030be       0x12 ./Drivers/STM32F1xx_HAL_Driver/Src/stm32f1xx_hal_tim.o
                0x00000000080030be                HAL_TIM_IC_CaptureCallback
 .text.HAL_TIM_PWM_PulseFinishedCallback
                0x00000000080030d0       0x12 ./Drivers/STM32F1xx_HAL_Driver/Src/stm32f1xx_hal_tim.o
                0x00000000080030d0                HAL_TIM_PWM_PulseFinishedCallback
 .text.HAL_TIM_TriggerCallback
                0x00000000080030e2       0x12 ./Drivers/STM32F1xx_HAL_Driver/Src/stm32f1xx_hal_tim.o
                0x00000000080030e2                HAL_TIM_TriggerCallback
 .text.TIM_Base_SetConfig
                0x00000000080030f4       0xc4 ./Drivers/STM32F1xx_HAL_Driver/Src/stm32f1xx_hal_tim.o
                0x00000000080030f4                TIM_Base_SetConfig
 .text.TIM_OC1_SetConfig
                0x00000000080031b8       0xcc ./Drivers/STM32F1xx_HAL_Driver/Src/stm32f1xx_hal_tim.o
 .text.TIM_OC2_SetConfig
                0x0000000008003284       0xd4 ./Drivers/STM32F1xx_HAL_Driver/Src/stm32f1xx_hal_tim.o
                0x0000000008003284                TIM_OC2_SetConfig
 .text.TIM_OC3_SetConfig
                0x0000000008003358       0xd4 ./Drivers/STM32F1xx_HAL_Driver/Src/stm32f1xx_hal_tim.o
 .text.TIM_OC4_SetConfig
                0x000000000800342c       0x9c ./Drivers/STM32F1xx_HAL_Driver/Src/stm32f1xx_hal_tim.o
 .text.TIM_TI1_ConfigInputStage
                0x00000000080034c8       0x5c ./Drivers/STM32F1xx_HAL_Driver/Src/stm32f1xx_hal_tim.o
 .text.TIM_TI2_ConfigInputStage
                0x0000000008003524       0x5e ./Drivers/STM32F1xx_HAL_Driver/Src/stm32f1xx_hal_tim.o
 .text.TIM_ITRx_SetConfig
                0x0000000008003582       0x34 ./Drivers/STM32F1xx_HAL_Driver/Src/stm32f1xx_hal_tim.o
 .text.TIM_ETR_SetConfig
                0x00000000080035b6       0x3e ./Drivers/STM32F1xx_HAL_Driver/Src/stm32f1xx_hal_tim.o
                0x00000000080035b6                TIM_ETR_SetConfig
 .text.TIM_CCxChannelCmd
                0x00000000080035f4       0x48 ./Drivers/STM32F1xx_HAL_Driver/Src/stm32f1xx_hal_tim.o
                0x00000000080035f4                TIM_CCxChannelCmd
 .text.HAL_TIMEx_MasterConfigSynchronization
                0x000000000800363c       0xbc ./Drivers/STM32F1xx_HAL_Driver/Src/stm32f1xx_hal_tim_ex.o
                0x000000000800363c                HAL_TIMEx_MasterConfigSynchronization
 .text.HAL_TIMEx_CommutCallback
                0x00000000080036f8       0x12 ./Drivers/STM32F1xx_HAL_Driver/Src/stm32f1xx_hal_tim_ex.o
                0x00000000080036f8                HAL_TIMEx_CommutCallback
 .text.HAL_TIMEx_BreakCallback
                0x000000000800370a       0x12 ./Drivers/STM32F1xx_HAL_Driver/Src/stm32f1xx_hal_tim_ex.o
                0x000000000800370a                HAL_TIMEx_BreakCallback
 .text.HAL_UART_Init
                0x000000000800371c       0x9a ./Drivers/STM32F1xx_HAL_Driver/Src/stm32f1xx_hal_uart.o
                0x000000000800371c                HAL_UART_Init
 .text.HAL_UART_Transmit
                0x00000000080037b6      0x124 ./Drivers/STM32F1xx_HAL_Driver/Src/stm32f1xx_hal_uart.o
                0x00000000080037b6                HAL_UART_Transmit
 *fill*         0x00000000080038da        0x2 
 .text.HAL_UART_IRQHandler
                0x00000000080038dc      0x354 ./Drivers/STM32F1xx_HAL_Driver/Src/stm32f1xx_hal_uart.o
                0x00000000080038dc                HAL_UART_IRQHandler
 .text.HAL_UART_TxCpltCallback
                0x0000000008003c30       0x12 ./Drivers/STM32F1xx_HAL_Driver/Src/stm32f1xx_hal_uart.o
                0x0000000008003c30                HAL_UART_TxCpltCallback
 .text.HAL_UART_RxCpltCallback
                0x0000000008003c42       0x12 ./Drivers/STM32F1xx_HAL_Driver/Src/stm32f1xx_hal_uart.o
                0x0000000008003c42                HAL_UART_RxCpltCallback
 .text.HAL_UART_ErrorCallback
                0x0000000008003c54       0x12 ./Drivers/STM32F1xx_HAL_Driver/Src/stm32f1xx_hal_uart.o
                0x0000000008003c54                HAL_UART_ErrorCallback
 .text.HAL_UARTEx_RxEventCallback
                0x0000000008003c66       0x16 ./Drivers/STM32F1xx_HAL_Driver/Src/stm32f1xx_hal_uart.o
                0x0000000008003c66                HAL_UARTEx_RxEventCallback
 .text.UART_WaitOnFlagUntilTimeout
                0x0000000008003c7c       0x94 ./Drivers/STM32F1xx_HAL_Driver/Src/stm32f1xx_hal_uart.o
 .text.UART_EndRxTransfer
                0x0000000008003d10       0x58 ./Drivers/STM32F1xx_HAL_Driver/Src/stm32f1xx_hal_uart.o
 .text.UART_DMAAbortOnError
                0x0000000008003d68       0x28 ./Drivers/STM32F1xx_HAL_Driver/Src/stm32f1xx_hal_uart.o
 .text.UART_Transmit_IT
                0x0000000008003d90       0x9e ./Drivers/STM32F1xx_HAL_Driver/Src/stm32f1xx_hal_uart.o
 .text.UART_EndTransmit_IT
                0x0000000008003e2e       0x30 ./Drivers/STM32F1xx_HAL_Driver/Src/stm32f1xx_hal_uart.o
 .text.UART_Receive_IT
                0x0000000008003e5e      0x152 ./Drivers/STM32F1xx_HAL_Driver/Src/stm32f1xx_hal_uart.o
 .text.UART_SetConfig
                0x0000000008003fb0      0x11c ./Drivers/STM32F1xx_HAL_Driver/Src/stm32f1xx_hal_uart.o
 .text.__errno  0x00000000080040cc        0xc d:/stm32cube/stm32cubeide_1.7.0/stm32cubeide/plugins/com.st.stm32cube.ide.mcu.externaltools.gnu-tools-for-stm32.10.3-2021.10.win32_1.0.0.202111181127/tools/bin/../lib/gcc/arm-none-eabi/10.3.1/../../../../arm-none-eabi/lib/thumb/v7-m/nofp\libc_nano.a(lib_a-errno.o)
                0x00000000080040cc                __errno
 .text.__libc_init_array
                0x00000000080040d8       0x48 d:/stm32cube/stm32cubeide_1.7.0/stm32cubeide/plugins/com.st.stm32cube.ide.mcu.externaltools.gnu-tools-for-stm32.10.3-2021.10.win32_1.0.0.202111181127/tools/bin/../lib/gcc/arm-none-eabi/10.3.1/../../../../arm-none-eabi/lib/thumb/v7-m/nofp\libc_nano.a(lib_a-init.o)
                0x00000000080040d8                __libc_init_array
 .text.memset   0x0000000008004120       0x10 d:/stm32cube/stm32cubeide_1.7.0/stm32cubeide/plugins/com.st.stm32cube.ide.mcu.externaltools.gnu-tools-for-stm32.10.3-2021.10.win32_1.0.0.202111181127/tools/bin/../lib/gcc/arm-none-eabi/10.3.1/../../../../arm-none-eabi/lib/thumb/v7-m/nofp\libc_nano.a(lib_a-memset.o)
                0x0000000008004120                memset
 .text.sprintf  0x0000000008004130       0x40 d:/stm32cube/stm32cubeide_1.7.0/stm32cubeide/plugins/com.st.stm32cube.ide.mcu.externaltools.gnu-tools-for-stm32.10.3-2021.10.win32_1.0.0.202111181127/tools/bin/../lib/gcc/arm-none-eabi/10.3.1/../../../../arm-none-eabi/lib/thumb/v7-m/nofp\libc_nano.a(lib_a-sprintf.o)
                0x0000000008004130                siprintf
                0x0000000008004130                sprintf
 .text.__ssputs_r
                0x0000000008004170       0xb6 d:/stm32cube/stm32cubeide_1.7.0/stm32cubeide/plugins/com.st.stm32cube.ide.mcu.externaltools.gnu-tools-for-stm32.10.3-2021.10.win32_1.0.0.202111181127/tools/bin/../lib/gcc/arm-none-eabi/10.3.1/../../../../arm-none-eabi/lib/thumb/v7-m/nofp\libc_nano.a(lib_a-nano-svfprintf.o)
                0x0000000008004170                __ssputs_r
 *fill*         0x0000000008004226        0x2 
 .text._svfprintf_r
                0x0000000008004228      0x200 d:/stm32cube/stm32cubeide_1.7.0/stm32cubeide/plugins/com.st.stm32cube.ide.mcu.externaltools.gnu-tools-for-stm32.10.3-2021.10.win32_1.0.0.202111181127/tools/bin/../lib/gcc/arm-none-eabi/10.3.1/../../../../arm-none-eabi/lib/thumb/v7-m/nofp\libc_nano.a(lib_a-nano-svfprintf.o)
                0x0000000008004228                _svfiprintf_r
                0x0000000008004228                _svfprintf_r
 .text._printf_common
                0x0000000008004428       0xde d:/stm32cube/stm32cubeide_1.7.0/stm32cubeide/plugins/com.st.stm32cube.ide.mcu.externaltools.gnu-tools-for-stm32.10.3-2021.10.win32_1.0.0.202111181127/tools/bin/../lib/gcc/arm-none-eabi/10.3.1/../../../../arm-none-eabi/lib/thumb/v7-m/nofp\libc_nano.a(lib_a-nano-vfprintf_i.o)
                0x0000000008004428                _printf_common
 *fill*         0x0000000008004506        0x2 
 .text._printf_i
                0x0000000008004508      0x24c d:/stm32cube/stm32cubeide_1.7.0/stm32cubeide/plugins/com.st.stm32cube.ide.mcu.externaltools.gnu-tools-for-stm32.10.3-2021.10.win32_1.0.0.202111181127/tools/bin/../lib/gcc/arm-none-eabi/10.3.1/../../../../arm-none-eabi/lib/thumb/v7-m/nofp\libc_nano.a(lib_a-nano-vfprintf_i.o)
                0x0000000008004508                _printf_i
 .text.memchr   0x0000000008004754       0x1c d:/stm32cube/stm32cubeide_1.7.0/stm32cubeide/plugins/com.st.stm32cube.ide.mcu.externaltools.gnu-tools-for-stm32.10.3-2021.10.win32_1.0.0.202111181127/tools/bin/../lib/gcc/arm-none-eabi/10.3.1/../../../../arm-none-eabi/lib/thumb/v7-m/nofp\libc_nano.a(lib_a-memchr-stub.o)
                0x0000000008004754                memchr
 .text.memcpy   0x0000000008004770       0x1c d:/stm32cube/stm32cubeide_1.7.0/stm32cubeide/plugins/com.st.stm32cube.ide.mcu.externaltools.gnu-tools-for-stm32.10.3-2021.10.win32_1.0.0.202111181127/tools/bin/../lib/gcc/arm-none-eabi/10.3.1/../../../../arm-none-eabi/lib/thumb/v7-m/nofp\libc_nano.a(lib_a-memcpy-stub.o)
                0x0000000008004770                memcpy
 .text.memmove  0x000000000800478c       0x34 d:/stm32cube/stm32cubeide_1.7.0/stm32cubeide/plugins/com.st.stm32cube.ide.mcu.externaltools.gnu-tools-for-stm32.10.3-2021.10.win32_1.0.0.202111181127/tools/bin/../lib/gcc/arm-none-eabi/10.3.1/../../../../arm-none-eabi/lib/thumb/v7-m/nofp\libc_nano.a(lib_a-memmove.o)
                0x000000000800478c                memmove
 .text._free_r  0x00000000080047c0       0x90 d:/stm32cube/stm32cubeide_1.7.0/stm32cubeide/plugins/com.st.stm32cube.ide.mcu.externaltools.gnu-tools-for-stm32.10.3-2021.10.win32_1.0.0.202111181127/tools/bin/../lib/gcc/arm-none-eabi/10.3.1/../../../../arm-none-eabi/lib/thumb/v7-m/nofp\libc_nano.a(lib_a-nano-freer.o)
                0x00000000080047c0                _free_r
 .text.sbrk_aligned
                0x0000000008004850       0x40 d:/stm32cube/stm32cubeide_1.7.0/stm32cubeide/plugins/com.st.stm32cube.ide.mcu.externaltools.gnu-tools-for-stm32.10.3-2021.10.win32_1.0.0.202111181127/tools/bin/../lib/gcc/arm-none-eabi/10.3.1/../../../../arm-none-eabi/lib/thumb/v7-m/nofp\libc_nano.a(lib_a-nano-mallocr.o)
 .text._malloc_r
                0x0000000008004890       0xe8 d:/stm32cube/stm32cubeide_1.7.0/stm32cubeide/plugins/com.st.stm32cube.ide.mcu.externaltools.gnu-tools-for-stm32.10.3-2021.10.win32_1.0.0.202111181127/tools/bin/../lib/gcc/arm-none-eabi/10.3.1/../../../../arm-none-eabi/lib/thumb/v7-m/nofp\libc_nano.a(lib_a-nano-mallocr.o)
                0x0000000008004890                _malloc_r
 .text._realloc_r
                0x0000000008004978       0x5e d:/stm32cube/stm32cubeide_1.7.0/stm32cubeide/plugins/com.st.stm32cube.ide.mcu.externaltools.gnu-tools-for-stm32.10.3-2021.10.win32_1.0.0.202111181127/tools/bin/../lib/gcc/arm-none-eabi/10.3.1/../../../../arm-none-eabi/lib/thumb/v7-m/nofp\libc_nano.a(lib_a-nano-reallocr.o)
                0x0000000008004978                _realloc_r
 *fill*         0x00000000080049d6        0x2 
 .text._sbrk_r  0x00000000080049d8       0x20 d:/stm32cube/stm32cubeide_1.7.0/stm32cubeide/plugins/com.st.stm32cube.ide.mcu.externaltools.gnu-tools-for-stm32.10.3-2021.10.win32_1.0.0.202111181127/tools/bin/../lib/gcc/arm-none-eabi/10.3.1/../../../../arm-none-eabi/lib/thumb/v7-m/nofp\libc_nano.a(lib_a-sbrkr.o)
                0x00000000080049d8                _sbrk_r
 .text.__malloc_lock
                0x00000000080049f8        0xc d:/stm32cube/stm32cubeide_1.7.0/stm32cubeide/plugins/com.st.stm32cube.ide.mcu.externaltools.gnu-tools-for-stm32.10.3-2021.10.win32_1.0.0.202111181127/tools/bin/../lib/gcc/arm-none-eabi/10.3.1/../../../../arm-none-eabi/lib/thumb/v7-m/nofp\libc_nano.a(lib_a-mlock.o)
                0x00000000080049f8                __malloc_lock
 .text.__malloc_unlock
                0x0000000008004a04        0xc d:/stm32cube/stm32cubeide_1.7.0/stm32cubeide/plugins/com.st.stm32cube.ide.mcu.externaltools.gnu-tools-for-stm32.10.3-2021.10.win32_1.0.0.202111181127/tools/bin/../lib/gcc/arm-none-eabi/10.3.1/../../../../arm-none-eabi/lib/thumb/v7-m/nofp\libc_nano.a(lib_a-mlock.o)
                0x0000000008004a04                __malloc_unlock
 .text._malloc_usable_size_r
                0x0000000008004a10       0x10 d:/stm32cube/stm32cubeide_1.7.0/stm32cubeide/plugins/com.st.stm32cube.ide.mcu.externaltools.gnu-tools-for-stm32.10.3-2021.10.win32_1.0.0.202111181127/tools/bin/../lib/gcc/arm-none-eabi/10.3.1/../../../../arm-none-eabi/lib/thumb/v7-m/nofp\libc_nano.a(lib_a-nano-msizer.o)
                0x0000000008004a10                _malloc_usable_size_r
 .text.__retarget_lock_acquire_recursive
                0x0000000008004a20        0x2 d:/stm32cube/stm32cubeide_1.7.0/stm32cubeide/plugins/com.st.stm32cube.ide.mcu.externaltools.gnu-tools-for-stm32.10.3-2021.10.win32_1.0.0.202111181127/tools/bin/../lib/gcc/arm-none-eabi/10.3.1/../../../../arm-none-eabi/lib/thumb/v7-m/nofp\libc_nano.a(lib_a-lock.o)
                0x0000000008004a20                __retarget_lock_acquire_recursive
 .text.__retarget_lock_release_recursive
                0x0000000008004a22        0x2 d:/stm32cube/stm32cubeide_1.7.0/stm32cubeide/plugins/com.st.stm32cube.ide.mcu.externaltools.gnu-tools-for-stm32.10.3-2021.10.win32_1.0.0.202111181127/tools/bin/../lib/gcc/arm-none-eabi/10.3.1/../../../../arm-none-eabi/lib/thumb/v7-m/nofp\libc_nano.a(lib_a-lock.o)
                0x0000000008004a22                __retarget_lock_release_recursive
 *(.glue_7)
 .glue_7        0x0000000008004a24        0x0 linker stubs
 *(.glue_7t)
 .glue_7t       0x0000000008004a24        0x0 linker stubs
 *(.eh_frame)
 .eh_frame      0x0000000008004a24        0x0 d:/stm32cube/stm32cubeide_1.7.0/stm32cubeide/plugins/com.st.stm32cube.ide.mcu.externaltools.gnu-tools-for-stm32.10.3-2021.10.win32_1.0.0.202111181127/tools/bin/../lib/gcc/arm-none-eabi/10.3.1/thumb/v7-m/nofp/crtbegin.o
 *(.init)
 .init          0x0000000008004a24        0x4 d:/stm32cube/stm32cubeide_1.7.0/stm32cubeide/plugins/com.st.stm32cube.ide.mcu.externaltools.gnu-tools-for-stm32.10.3-2021.10.win32_1.0.0.202111181127/tools/bin/../lib/gcc/arm-none-eabi/10.3.1/thumb/v7-m/nofp/crti.o
                0x0000000008004a24                _init
 .init          0x0000000008004a28        0x8 d:/stm32cube/stm32cubeide_1.7.0/stm32cubeide/plugins/com.st.stm32cube.ide.mcu.externaltools.gnu-tools-for-stm32.10.3-2021.10.win32_1.0.0.202111181127/tools/bin/../lib/gcc/arm-none-eabi/10.3.1/thumb/v7-m/nofp/crtn.o
 *(.fini)
 .fini          0x0000000008004a30        0x4 d:/stm32cube/stm32cubeide_1.7.0/stm32cubeide/plugins/com.st.stm32cube.ide.mcu.externaltools.gnu-tools-for-stm32.10.3-2021.10.win32_1.0.0.202111181127/tools/bin/../lib/gcc/arm-none-eabi/10.3.1/thumb/v7-m/nofp/crti.o
                0x0000000008004a30                _fini
 .fini          0x0000000008004a34        0x8 d:/stm32cube/stm32cubeide_1.7.0/stm32cubeide/plugins/com.st.stm32cube.ide.mcu.externaltools.gnu-tools-for-stm32.10.3-2021.10.win32_1.0.0.202111181127/tools/bin/../lib/gcc/arm-none-eabi/10.3.1/thumb/v7-m/nofp/crtn.o
                0x0000000008004a3c                . = ALIGN (0x4)
                0x0000000008004a3c                _etext = .

.vfp11_veneer   0x0000000008004a3c        0x0
 .vfp11_veneer  0x0000000008004a3c        0x0 linker stubs

.v4_bx          0x0000000008004a3c        0x0
 .v4_bx         0x0000000008004a3c        0x0 linker stubs

.iplt           0x0000000008004a3c        0x0
 .iplt          0x0000000008004a3c        0x0 d:/stm32cube/stm32cubeide_1.7.0/stm32cubeide/plugins/com.st.stm32cube.ide.mcu.externaltools.gnu-tools-for-stm32.10.3-2021.10.win32_1.0.0.202111181127/tools/bin/../lib/gcc/arm-none-eabi/10.3.1/thumb/v7-m/nofp/crtbegin.o

.rodata         0x0000000008004a3c       0x6c
                0x0000000008004a3c                . = ALIGN (0x4)
 *(.rodata)
 .rodata        0x0000000008004a3c        0xd ./Core/Src/input_processing.o
 *fill*         0x0000000008004a49        0x3 
 .rodata        0x0000000008004a4c       0x10 ./Drivers/STM32F1xx_HAL_Driver/Src/stm32f1xx_hal_rcc.o
 *(.rodata*)
 .rodata.AHBPrescTable
                0x0000000008004a5c       0x10 ./Core/Src/system_stm32f1xx.o
                0x0000000008004a5c                AHBPrescTable
 .rodata.APBPrescTable
                0x0000000008004a6c        0x8 ./Core/Src/system_stm32f1xx.o
                0x0000000008004a6c                APBPrescTable
 .rodata._svfprintf_r.str1.1
                0x0000000008004a74       0x11 d:/stm32cube/stm32cubeide_1.7.0/stm32cubeide/plugins/com.st.stm32cube.ide.mcu.externaltools.gnu-tools-for-stm32.10.3-2021.10.win32_1.0.0.202111181127/tools/bin/../lib/gcc/arm-none-eabi/10.3.1/../../../../arm-none-eabi/lib/thumb/v7-m/nofp\libc_nano.a(lib_a-nano-svfprintf.o)
 .rodata._printf_i.str1.1
                0x0000000008004a85       0x22 d:/stm32cube/stm32cubeide_1.7.0/stm32cubeide/plugins/com.st.stm32cube.ide.mcu.externaltools.gnu-tools-for-stm32.10.3-2021.10.win32_1.0.0.202111181127/tools/bin/../lib/gcc/arm-none-eabi/10.3.1/../../../../arm-none-eabi/lib/thumb/v7-m/nofp\libc_nano.a(lib_a-nano-vfprintf_i.o)
                0x0000000008004aa8                . = ALIGN (0x4)
 *fill*         0x0000000008004aa7        0x1 

.rel.dyn        0x0000000008004aa8        0x0
 .rel.iplt      0x0000000008004aa8        0x0 d:/stm32cube/stm32cubeide_1.7.0/stm32cubeide/plugins/com.st.stm32cube.ide.mcu.externaltools.gnu-tools-for-stm32.10.3-2021.10.win32_1.0.0.202111181127/tools/bin/../lib/gcc/arm-none-eabi/10.3.1/thumb/v7-m/nofp/crtbegin.o

.ARM.extab      0x0000000008004aa8        0x0
                0x0000000008004aa8                . = ALIGN (0x4)
 *(.ARM.extab* .gnu.linkonce.armextab.*)
                0x0000000008004aa8                . = ALIGN (0x4)

.ARM            0x0000000008004aa8        0x0
                0x0000000008004aa8                . = ALIGN (0x4)
                0x0000000008004aa8                __exidx_start = .
 *(.ARM.exidx*)
                0x0000000008004aa8                __exidx_end = .
                0x0000000008004aa8                . = ALIGN (0x4)

.preinit_array  0x0000000008004aa8        0x0
                0x0000000008004aa8                . = ALIGN (0x4)
                0x0000000008004aa8                PROVIDE (__preinit_array_start = .)
 *(.preinit_array*)
                0x0000000008004aa8                PROVIDE (__preinit_array_end = .)
                0x0000000008004aa8                . = ALIGN (0x4)

.init_array     0x0000000008004aa8        0x4
                0x0000000008004aa8                . = ALIGN (0x4)
                0x0000000008004aa8                PROVIDE (__init_array_start = .)
 *(SORT_BY_NAME(.init_array.*))
 *(.init_array*)
 .init_array    0x0000000008004aa8        0x4 d:/stm32cube/stm32cubeide_1.7.0/stm32cubeide/plugins/com.st.stm32cube.ide.mcu.externaltools.gnu-tools-for-stm32.10.3-2021.10.win32_1.0.0.202111181127/tools/bin/../lib/gcc/arm-none-eabi/10.3.1/thumb/v7-m/nofp/crtbegin.o
                0x0000000008004aac                PROVIDE (__init_array_end = .)
                0x0000000008004aac                . = ALIGN (0x4)

.fini_array     0x0000000008004aac        0x4
                0x0000000008004aac                . = ALIGN (0x4)
                [!provide]                        PROVIDE (__fini_array_start = .)
 *(SORT_BY_NAME(.fini_array.*))
 *(.fini_array*)
 .fini_array    0x0000000008004aac        0x4 d:/stm32cube/stm32cubeide_1.7.0/stm32cubeide/plugins/com.st.stm32cube.ide.mcu.externaltools.gnu-tools-for-stm32.10.3-2021.10.win32_1.0.0.202111181127/tools/bin/../lib/gcc/arm-none-eabi/10.3.1/thumb/v7-m/nofp/crtbegin.o
                [!provide]                        PROVIDE (__fini_array_end = .)
                0x0000000008004ab0                . = ALIGN (0x4)
                0x0000000008004ab0                _sidata = LOADADDR (.data)

.data           0x0000000020000000       0xa8 load address 0x0000000008004ab0
                0x0000000020000000                . = ALIGN (0x4)
                0x0000000020000000                _sdata = .
 *(.data)
 *(.data*)
 .data.TIMER_CYCLE
                0x0000000020000000        0x4 ./Core/Src/SoftwareTimer.o
                0x0000000020000000                TIMER_CYCLE
 .data.debounceButton1Buffer2
                0x0000000020000004        0x4 ./Core/Src/button.o
                0x0000000020000004                debounceButton1Buffer2
 .data.debounceButton1Buffer1
                0x0000000020000008        0x4 ./Core/Src/button.o
                0x0000000020000008                debounceButton1Buffer1
 .data.button1Buffer
                0x000000002000000c        0x4 ./Core/Src/button.o
                0x000000002000000c                button1Buffer
 .data.debounceButton2Buffer2
                0x0000000020000010        0x4 ./Core/Src/button.o
                0x0000000020000010                debounceButton2Buffer2
 .data.debounceButton2Buffer1
                0x0000000020000014        0x4 ./Core/Src/button.o
                0x0000000020000014                debounceButton2Buffer1
 .data.button2Buffer
                0x0000000020000018        0x4 ./Core/Src/button.o
                0x0000000020000018                button2Buffer
 .data.counterForButton2Press1s
                0x000000002000001c        0x4 ./Core/Src/button.o
                0x000000002000001c                counterForButton2Press1s
 .data.debounceButton3Buffer2
                0x0000000020000020        0x4 ./Core/Src/button.o
                0x0000000020000020                debounceButton3Buffer2
 .data.debounceButton3Buffer1
                0x0000000020000024        0x4 ./Core/Src/button.o
                0x0000000020000024                debounceButton3Buffer1
 .data.button3Buffer
                0x0000000020000028        0x4 ./Core/Src/button.o
                0x0000000020000028                button3Buffer
 .data.debounceButton4Buffer2
                0x000000002000002c        0x4 ./Core/Src/button.o
                0x000000002000002c                debounceButton4Buffer2
 .data.debounceButton4Buffer1
                0x0000000020000030        0x4 ./Core/Src/button.o
                0x0000000020000030                debounceButton4Buffer1
 .data.button4Buffer
                0x0000000020000034        0x4 ./Core/Src/button.o
                0x0000000020000034                button4Buffer
 .data.SystemCoreClock
                0x0000000020000038        0x4 ./Core/Src/system_stm32f1xx.o
                0x0000000020000038                SystemCoreClock
 .data.uwTickPrio
                0x000000002000003c        0x4 ./Drivers/STM32F1xx_HAL_Driver/Src/stm32f1xx_hal.o
                0x000000002000003c                uwTickPrio
 .data.uwTickFreq
                0x0000000020000040        0x1 ./Drivers/STM32F1xx_HAL_Driver/Src/stm32f1xx_hal.o
                0x0000000020000040                uwTickFreq
 *fill*         0x0000000020000041        0x3 
 .data._impure_ptr
                0x0000000020000044        0x4 d:/stm32cube/stm32cubeide_1.7.0/stm32cubeide/plugins/com.st.stm32cube.ide.mcu.externaltools.gnu-tools-for-stm32.10.3-2021.10.win32_1.0.0.202111181127/tools/bin/../lib/gcc/arm-none-eabi/10.3.1/../../../../arm-none-eabi/lib/thumb/v7-m/nofp\libc_nano.a(lib_a-impure.o)
                0x0000000020000044                _impure_ptr
 .data.impure_data
                0x0000000020000048       0x60 d:/stm32cube/stm32cubeide_1.7.0/stm32cubeide/plugins/com.st.stm32cube.ide.mcu.externaltools.gnu-tools-for-stm32.10.3-2021.10.win32_1.0.0.202111181127/tools/bin/../lib/gcc/arm-none-eabi/10.3.1/../../../../arm-none-eabi/lib/thumb/v7-m/nofp\libc_nano.a(lib_a-impure.o)
 *(.RamFunc)
 *(.RamFunc*)
                0x00000000200000a8                . = ALIGN (0x4)
                0x00000000200000a8                _edata = .

.igot.plt       0x00000000200000a8        0x0 load address 0x0000000008004b58
 .igot.plt      0x00000000200000a8        0x0 d:/stm32cube/stm32cubeide_1.7.0/stm32cubeide/plugins/com.st.stm32cube.ide.mcu.externaltools.gnu-tools-for-stm32.10.3-2021.10.win32_1.0.0.202111181127/tools/bin/../lib/gcc/arm-none-eabi/10.3.1/thumb/v7-m/nofp/crtbegin.o
                0x00000000200000a8                . = ALIGN (0x4)

.bss            0x00000000200000a8      0x1c8 load address 0x0000000008004b58
                0x00000000200000a8                _sbss = .
                0x00000000200000a8                __bss_start__ = _sbss
 *(.bss)
 .bss           0x00000000200000a8       0x1c d:/stm32cube/stm32cubeide_1.7.0/stm32cubeide/plugins/com.st.stm32cube.ide.mcu.externaltools.gnu-tools-for-stm32.10.3-2021.10.win32_1.0.0.202111181127/tools/bin/../lib/gcc/arm-none-eabi/10.3.1/thumb/v7-m/nofp/crtbegin.o
 *(.bss*)
 .bss.counter1  0x00000000200000c4        0x4 ./Core/Src/SoftwareTimer.o
                0x00000000200000c4                counter1
 .bss.timer1_flag
                0x00000000200000c8        0x4 ./Core/Src/SoftwareTimer.o
                0x00000000200000c8                timer1_flag
 .bss.counter2  0x00000000200000cc        0x4 ./Core/Src/SoftwareTimer.o
                0x00000000200000cc                counter2
 .bss.timer2_flag
                0x00000000200000d0        0x4 ./Core/Src/SoftwareTimer.o
                0x00000000200000d0                timer2_flag
 .bss.counter3  0x00000000200000d4        0x4 ./Core/Src/SoftwareTimer.o
                0x00000000200000d4                counter3
 .bss.timer3_flag
                0x00000000200000d8        0x4 ./Core/Src/SoftwareTimer.o
                0x00000000200000d8                timer3_flag
 .bss.counter4  0x00000000200000dc        0x4 ./Core/Src/SoftwareTimer.o
                0x00000000200000dc                counter4
 .bss.timer4_flag
                0x00000000200000e0        0x4 ./Core/Src/SoftwareTimer.o
                0x00000000200000e0                timer4_flag
 .bss.flagForButton2Press1s
                0x00000000200000e4        0x4 ./Core/Src/button.o
                0x00000000200000e4                flagForButton2Press1s
 .bss.traffic_light_num
                0x00000000200000e8       0x32 ./Core/Src/global.o
                0x00000000200000e8                traffic_light_num
 *fill*         0x000000002000011a        0x2 
 .bss.pwm       0x000000002000011c        0x4 ./Core/Src/global.o
                0x000000002000011c                pwm
 .bss.RED_DURATION
                0x0000000020000120        0x4 ./Core/Src/input_processing.o
                0x0000000020000120                RED_DURATION
 .bss.YELLOW_DURATION
                0x0000000020000124        0x4 ./Core/Src/input_processing.o
                0x0000000020000124                YELLOW_DURATION
 .bss.GREEN_DURATION
                0x0000000020000128        0x4 ./Core/Src/input_processing.o
                0x0000000020000128                GREEN_DURATION
 .bss.pes_led_period
                0x000000002000012c        0x4 ./Core/Src/input_processing.o
                0x000000002000012c                pes_led_period
 .bss.pes_led_count
                0x0000000020000130        0x4 ./Core/Src/input_processing.o
                0x0000000020000130                pes_led_count
 .bss.red_temp_dur
                0x0000000020000134        0x4 ./Core/Src/input_processing.o
                0x0000000020000134                red_temp_dur
 .bss.yellow_temp_dur
                0x0000000020000138        0x4 ./Core/Src/input_processing.o
                0x0000000020000138                yellow_temp_dur
 .bss.green_temp_dur
                0x000000002000013c        0x4 ./Core/Src/input_processing.o
                0x000000002000013c                green_temp_dur
 .bss.state     0x0000000020000140        0x1 ./Core/Src/input_processing.o
                0x0000000020000140                state
 .bss.current_led_way1
                0x0000000020000141        0x1 ./Core/Src/input_processing.o
                0x0000000020000141                current_led_way1
 *fill*         0x0000000020000142        0x2 
 .bss.leds_way1_count
                0x0000000020000144        0xc ./Core/Src/input_processing.o
                0x0000000020000144                leds_way1_count
 .bss.current_led_way2
                0x0000000020000150        0x1 ./Core/Src/input_processing.o
                0x0000000020000150                current_led_way2
 *fill*         0x0000000020000151        0x3 
 .bss.leds_way2_count
                0x0000000020000154        0xc ./Core/Src/input_processing.o
                0x0000000020000154                leds_way2_count
 .bss.button1_executed
                0x0000000020000160        0x4 ./Core/Src/input_processing.o
                0x0000000020000160                button1_executed
 .bss.button2_increase1
                0x0000000020000164        0x4 ./Core/Src/input_processing.o
                0x0000000020000164                button2_increase1
 .bss.flag_pes  0x0000000020000168        0x4 ./Core/Src/input_processing.o
                0x0000000020000168                flag_pes
 .bss.button4_executed
                0x000000002000016c        0x4 ./Core/Src/input_processing.o
                0x000000002000016c                button4_executed
 .bss.led_state
                0x0000000020000170        0x4 ./Core/Src/input_processing.o
                0x0000000020000170                led_state
 .bss.print     0x0000000020000174        0x4 ./Core/Src/input_processing.o
                0x0000000020000174                print
 .bss.LedToChange
                0x0000000020000178        0x1 ./Core/Src/input_processing.o
                0x0000000020000178                LedToChange
 *fill*         0x0000000020000179        0x3 
 .bss.led_buffer1
                0x000000002000017c        0x8 ./Core/Src/input_processing.o
                0x000000002000017c                led_buffer1
 .bss.htim2     0x0000000020000184       0x48 ./Core/Src/main.o
                0x0000000020000184                htim2
 .bss.htim3     0x00000000200001cc       0x48 ./Core/Src/main.o
                0x00000000200001cc                htim3
 .bss.huart2    0x0000000020000214       0x44 ./Core/Src/main.o
                0x0000000020000214                huart2
 .bss.__sbrk_heap_end
                0x0000000020000258        0x4 ./Core/Src/sysmem.o
 .bss.uwTick    0x000000002000025c        0x4 ./Drivers/STM32F1xx_HAL_Driver/Src/stm32f1xx_hal.o
                0x000000002000025c                uwTick
 .bss.__malloc_free_list
                0x0000000020000260        0x4 d:/stm32cube/stm32cubeide_1.7.0/stm32cubeide/plugins/com.st.stm32cube.ide.mcu.externaltools.gnu-tools-for-stm32.10.3-2021.10.win32_1.0.0.202111181127/tools/bin/../lib/gcc/arm-none-eabi/10.3.1/../../../../arm-none-eabi/lib/thumb/v7-m/nofp\libc_nano.a(lib_a-nano-mallocr.o)
                0x0000000020000260                __malloc_free_list
 .bss.__malloc_sbrk_start
                0x0000000020000264        0x4 d:/stm32cube/stm32cubeide_1.7.0/stm32cubeide/plugins/com.st.stm32cube.ide.mcu.externaltools.gnu-tools-for-stm32.10.3-2021.10.win32_1.0.0.202111181127/tools/bin/../lib/gcc/arm-none-eabi/10.3.1/../../../../arm-none-eabi/lib/thumb/v7-m/nofp\libc_nano.a(lib_a-nano-mallocr.o)
                0x0000000020000264                __malloc_sbrk_start
 .bss.errno     0x0000000020000268        0x4 d:/stm32cube/stm32cubeide_1.7.0/stm32cubeide/plugins/com.st.stm32cube.ide.mcu.externaltools.gnu-tools-for-stm32.10.3-2021.10.win32_1.0.0.202111181127/tools/bin/../lib/gcc/arm-none-eabi/10.3.1/../../../../arm-none-eabi/lib/thumb/v7-m/nofp\libc_nano.a(lib_a-reent.o)
                0x0000000020000268                errno
 .bss.__lock___malloc_recursive_mutex
                0x000000002000026c        0x1 d:/stm32cube/stm32cubeide_1.7.0/stm32cubeide/plugins/com.st.stm32cube.ide.mcu.externaltools.gnu-tools-for-stm32.10.3-2021.10.win32_1.0.0.202111181127/tools/bin/../lib/gcc/arm-none-eabi/10.3.1/../../../../arm-none-eabi/lib/thumb/v7-m/nofp\libc_nano.a(lib_a-lock.o)
                0x000000002000026c                __lock___malloc_recursive_mutex
 *(COMMON)
                0x0000000020000270                . = ALIGN (0x4)
 *fill*         0x000000002000026d        0x3 
                0x0000000020000270                _ebss = .
                0x0000000020000270                __bss_end__ = _ebss

._user_heap_stack
                0x0000000020000270      0x600 load address 0x0000000008004b58
                0x0000000020000270                . = ALIGN (0x8)
                [!provide]                        PROVIDE (end = .)
                0x0000000020000270                PROVIDE (_end = .)
                0x0000000020000470                . = (. + _Min_Heap_Size)
 *fill*         0x0000000020000270      0x200 
                0x0000000020000870                . = (. + _Min_Stack_Size)
 *fill*         0x0000000020000470      0x400 
                0x0000000020000870                . = ALIGN (0x8)

/DISCARD/
 libc.a(*)
 libm.a(*)
 libgcc.a(*)

.ARM.attributes
                0x0000000000000000       0x29
 *(.ARM.attributes)
 .ARM.attributes
                0x0000000000000000       0x1d d:/stm32cube/stm32cubeide_1.7.0/stm32cubeide/plugins/com.st.stm32cube.ide.mcu.externaltools.gnu-tools-for-stm32.10.3-2021.10.win32_1.0.0.202111181127/tools/bin/../lib/gcc/arm-none-eabi/10.3.1/thumb/v7-m/nofp/crti.o
 .ARM.attributes
                0x000000000000001d       0x2d d:/stm32cube/stm32cubeide_1.7.0/stm32cubeide/plugins/com.st.stm32cube.ide.mcu.externaltools.gnu-tools-for-stm32.10.3-2021.10.win32_1.0.0.202111181127/tools/bin/../lib/gcc/arm-none-eabi/10.3.1/thumb/v7-m/nofp/crtbegin.o
 .ARM.attributes
                0x000000000000004a       0x2d ./Core/Src/SoftwareTimer.o
 .ARM.attributes
                0x0000000000000077       0x2d ./Core/Src/button.o
 .ARM.attributes
                0x00000000000000a4       0x2d ./Core/Src/global.o
 .ARM.attributes
                0x00000000000000d1       0x2d ./Core/Src/input_processing.o
 .ARM.attributes
                0x00000000000000fe       0x2d ./Core/Src/main.o
 .ARM.attributes
                0x000000000000012b       0x2d ./Core/Src/stm32f1xx_hal_msp.o
 .ARM.attributes
                0x0000000000000158       0x2d ./Core/Src/stm32f1xx_it.o
 .ARM.attributes
                0x0000000000000185       0x2d ./Core/Src/sysmem.o
 .ARM.attributes
                0x00000000000001b2       0x2d ./Core/Src/system_stm32f1xx.o
 .ARM.attributes
                0x00000000000001df       0x21 ./Core/Startup/startup_stm32f103rbtx.o
 .ARM.attributes
                0x0000000000000200       0x2d ./Drivers/STM32F1xx_HAL_Driver/Src/stm32f1xx_hal.o
 .ARM.attributes
                0x000000000000022d       0x2d ./Drivers/STM32F1xx_HAL_Driver/Src/stm32f1xx_hal_cortex.o
 .ARM.attributes
                0x000000000000025a       0x2d ./Drivers/STM32F1xx_HAL_Driver/Src/stm32f1xx_hal_dma.o
 .ARM.attributes
                0x0000000000000287       0x2d ./Drivers/STM32F1xx_HAL_Driver/Src/stm32f1xx_hal_gpio.o
 .ARM.attributes
                0x00000000000002b4       0x2d ./Drivers/STM32F1xx_HAL_Driver/Src/stm32f1xx_hal_rcc.o
 .ARM.attributes
                0x00000000000002e1       0x2d ./Drivers/STM32F1xx_HAL_Driver/Src/stm32f1xx_hal_tim.o
 .ARM.attributes
                0x000000000000030e       0x2d ./Drivers/STM32F1xx_HAL_Driver/Src/stm32f1xx_hal_tim_ex.o
 .ARM.attributes
                0x000000000000033b       0x2d ./Drivers/STM32F1xx_HAL_Driver/Src/stm32f1xx_hal_uart.o
 .ARM.attributes
                0x0000000000000368       0x2d d:/stm32cube/stm32cubeide_1.7.0/stm32cubeide/plugins/com.st.stm32cube.ide.mcu.externaltools.gnu-tools-for-stm32.10.3-2021.10.win32_1.0.0.202111181127/tools/bin/../lib/gcc/arm-none-eabi/10.3.1/../../../../arm-none-eabi/lib/thumb/v7-m/nofp\libc_nano.a(lib_a-errno.o)
 .ARM.attributes
                0x0000000000000395       0x2d d:/stm32cube/stm32cubeide_1.7.0/stm32cubeide/plugins/com.st.stm32cube.ide.mcu.externaltools.gnu-tools-for-stm32.10.3-2021.10.win32_1.0.0.202111181127/tools/bin/../lib/gcc/arm-none-eabi/10.3.1/../../../../arm-none-eabi/lib/thumb/v7-m/nofp\libc_nano.a(lib_a-impure.o)
 .ARM.attributes
                0x00000000000003c2       0x2d d:/stm32cube/stm32cubeide_1.7.0/stm32cubeide/plugins/com.st.stm32cube.ide.mcu.externaltools.gnu-tools-for-stm32.10.3-2021.10.win32_1.0.0.202111181127/tools/bin/../lib/gcc/arm-none-eabi/10.3.1/../../../../arm-none-eabi/lib/thumb/v7-m/nofp\libc_nano.a(lib_a-init.o)
 .ARM.attributes
                0x00000000000003ef       0x2d d:/stm32cube/stm32cubeide_1.7.0/stm32cubeide/plugins/com.st.stm32cube.ide.mcu.externaltools.gnu-tools-for-stm32.10.3-2021.10.win32_1.0.0.202111181127/tools/bin/../lib/gcc/arm-none-eabi/10.3.1/../../../../arm-none-eabi/lib/thumb/v7-m/nofp\libc_nano.a(lib_a-memset.o)
 .ARM.attributes
                0x000000000000041c       0x2d d:/stm32cube/stm32cubeide_1.7.0/stm32cubeide/plugins/com.st.stm32cube.ide.mcu.externaltools.gnu-tools-for-stm32.10.3-2021.10.win32_1.0.0.202111181127/tools/bin/../lib/gcc/arm-none-eabi/10.3.1/../../../../arm-none-eabi/lib/thumb/v7-m/nofp\libc_nano.a(lib_a-sprintf.o)
 .ARM.attributes
                0x0000000000000449       0x2d d:/stm32cube/stm32cubeide_1.7.0/stm32cubeide/plugins/com.st.stm32cube.ide.mcu.externaltools.gnu-tools-for-stm32.10.3-2021.10.win32_1.0.0.202111181127/tools/bin/../lib/gcc/arm-none-eabi/10.3.1/../../../../arm-none-eabi/lib/thumb/v7-m/nofp\libc_nano.a(lib_a-nano-svfprintf.o)
 .ARM.attributes
                0x0000000000000476       0x2d d:/stm32cube/stm32cubeide_1.7.0/stm32cubeide/plugins/com.st.stm32cube.ide.mcu.externaltools.gnu-tools-for-stm32.10.3-2021.10.win32_1.0.0.202111181127/tools/bin/../lib/gcc/arm-none-eabi/10.3.1/../../../../arm-none-eabi/lib/thumb/v7-m/nofp\libc_nano.a(lib_a-nano-vfprintf_i.o)
 .ARM.attributes
                0x00000000000004a3       0x2d d:/stm32cube/stm32cubeide_1.7.0/stm32cubeide/plugins/com.st.stm32cube.ide.mcu.externaltools.gnu-tools-for-stm32.10.3-2021.10.win32_1.0.0.202111181127/tools/bin/../lib/gcc/arm-none-eabi/10.3.1/../../../../arm-none-eabi/lib/thumb/v7-m/nofp\libc_nano.a(lib_a-memchr-stub.o)
 .ARM.attributes
                0x00000000000004d0       0x2d d:/stm32cube/stm32cubeide_1.7.0/stm32cubeide/plugins/com.st.stm32cube.ide.mcu.externaltools.gnu-tools-for-stm32.10.3-2021.10.win32_1.0.0.202111181127/tools/bin/../lib/gcc/arm-none-eabi/10.3.1/../../../../arm-none-eabi/lib/thumb/v7-m/nofp\libc_nano.a(lib_a-memcpy-stub.o)
 .ARM.attributes
                0x00000000000004fd       0x2d d:/stm32cube/stm32cubeide_1.7.0/stm32cubeide/plugins/com.st.stm32cube.ide.mcu.externaltools.gnu-tools-for-stm32.10.3-2021.10.win32_1.0.0.202111181127/tools/bin/../lib/gcc/arm-none-eabi/10.3.1/../../../../arm-none-eabi/lib/thumb/v7-m/nofp\libc_nano.a(lib_a-memmove.o)
 .ARM.attributes
                0x000000000000052a       0x2d d:/stm32cube/stm32cubeide_1.7.0/stm32cubeide/plugins/com.st.stm32cube.ide.mcu.externaltools.gnu-tools-for-stm32.10.3-2021.10.win32_1.0.0.202111181127/tools/bin/../lib/gcc/arm-none-eabi/10.3.1/../../../../arm-none-eabi/lib/thumb/v7-m/nofp\libc_nano.a(lib_a-nano-freer.o)
 .ARM.attributes
                0x0000000000000557       0x2d d:/stm32cube/stm32cubeide_1.7.0/stm32cubeide/plugins/com.st.stm32cube.ide.mcu.externaltools.gnu-tools-for-stm32.10.3-2021.10.win32_1.0.0.202111181127/tools/bin/../lib/gcc/arm-none-eabi/10.3.1/../../../../arm-none-eabi/lib/thumb/v7-m/nofp\libc_nano.a(lib_a-nano-mallocr.o)
 .ARM.attributes
                0x0000000000000584       0x2d d:/stm32cube/stm32cubeide_1.7.0/stm32cubeide/plugins/com.st.stm32cube.ide.mcu.externaltools.gnu-tools-for-stm32.10.3-2021.10.win32_1.0.0.202111181127/tools/bin/../lib/gcc/arm-none-eabi/10.3.1/../../../../arm-none-eabi/lib/thumb/v7-m/nofp\libc_nano.a(lib_a-nano-reallocr.o)
 .ARM.attributes
                0x00000000000005b1       0x2d d:/stm32cube/stm32cubeide_1.7.0/stm32cubeide/plugins/com.st.stm32cube.ide.mcu.externaltools.gnu-tools-for-stm32.10.3-2021.10.win32_1.0.0.202111181127/tools/bin/../lib/gcc/arm-none-eabi/10.3.1/../../../../arm-none-eabi/lib/thumb/v7-m/nofp\libc_nano.a(lib_a-sbrkr.o)
 .ARM.attributes
                0x00000000000005de       0x2d d:/stm32cube/stm32cubeide_1.7.0/stm32cubeide/plugins/com.st.stm32cube.ide.mcu.externaltools.gnu-tools-for-stm32.10.3-2021.10.win32_1.0.0.202111181127/tools/bin/../lib/gcc/arm-none-eabi/10.3.1/../../../../arm-none-eabi/lib/thumb/v7-m/nofp\libc_nano.a(lib_a-mlock.o)
 .ARM.attributes
                0x000000000000060b       0x2d d:/stm32cube/stm32cubeide_1.7.0/stm32cubeide/plugins/com.st.stm32cube.ide.mcu.externaltools.gnu-tools-for-stm32.10.3-2021.10.win32_1.0.0.202111181127/tools/bin/../lib/gcc/arm-none-eabi/10.3.1/../../../../arm-none-eabi/lib/thumb/v7-m/nofp\libc_nano.a(lib_a-nano-msizer.o)
 .ARM.attributes
                0x0000000000000638       0x2d d:/stm32cube/stm32cubeide_1.7.0/stm32cubeide/plugins/com.st.stm32cube.ide.mcu.externaltools.gnu-tools-for-stm32.10.3-2021.10.win32_1.0.0.202111181127/tools/bin/../lib/gcc/arm-none-eabi/10.3.1/../../../../arm-none-eabi/lib/thumb/v7-m/nofp\libc_nano.a(lib_a-reent.o)
 .ARM.attributes
                0x0000000000000665       0x2d d:/stm32cube/stm32cubeide_1.7.0/stm32cubeide/plugins/com.st.stm32cube.ide.mcu.externaltools.gnu-tools-for-stm32.10.3-2021.10.win32_1.0.0.202111181127/tools/bin/../lib/gcc/arm-none-eabi/10.3.1/../../../../arm-none-eabi/lib/thumb/v7-m/nofp\libc_nano.a(lib_a-lock.o)
 .ARM.attributes
                0x0000000000000692       0x1d d:/stm32cube/stm32cubeide_1.7.0/stm32cubeide/plugins/com.st.stm32cube.ide.mcu.externaltools.gnu-tools-for-stm32.10.3-2021.10.win32_1.0.0.202111181127/tools/bin/../lib/gcc/arm-none-eabi/10.3.1/thumb/v7-m/nofp/crtn.o
OUTPUT(PWM.elf elf32-littlearm)
LOAD linker stubs
LOAD d:/stm32cube/stm32cubeide_1.7.0/stm32cubeide/plugins/com.st.stm32cube.ide.mcu.externaltools.gnu-tools-for-stm32.10.3-2021.10.win32_1.0.0.202111181127/tools/bin/../lib/gcc/arm-none-eabi/10.3.1/../../../../arm-none-eabi/lib/thumb/v7-m/nofp\libc.a
LOAD d:/stm32cube/stm32cubeide_1.7.0/stm32cubeide/plugins/com.st.stm32cube.ide.mcu.externaltools.gnu-tools-for-stm32.10.3-2021.10.win32_1.0.0.202111181127/tools/bin/../lib/gcc/arm-none-eabi/10.3.1/../../../../arm-none-eabi/lib/thumb/v7-m/nofp\libm.a
LOAD d:/stm32cube/stm32cubeide_1.7.0/stm32cubeide/plugins/com.st.stm32cube.ide.mcu.externaltools.gnu-tools-for-stm32.10.3-2021.10.win32_1.0.0.202111181127/tools/bin/../lib/gcc/arm-none-eabi/10.3.1/thumb/v7-m/nofp\libgcc.a

.debug_info     0x0000000000000000     0xbccf
 .debug_info    0x0000000000000000      0x1b9 ./Core/Src/SoftwareTimer.o
 .debug_info    0x00000000000001b9      0x320 ./Core/Src/button.o
 .debug_info    0x00000000000004d9       0x7b ./Core/Src/global.o
 .debug_info    0x0000000000000554      0xf3b ./Core/Src/input_processing.o
 .debug_info    0x000000000000148f     0x100b ./Core/Src/main.o
 .debug_info    0x000000000000249a      0xded ./Core/Src/stm32f1xx_hal_msp.o
 .debug_info    0x0000000000003287      0x9a7 ./Core/Src/stm32f1xx_it.o
 .debug_info    0x0000000000003c2e      0x171 ./Core/Src/sysmem.o
 .debug_info    0x0000000000003d9f      0x23d ./Core/Src/system_stm32f1xx.o
 .debug_info    0x0000000000003fdc       0x22 ./Core/Startup/startup_stm32f103rbtx.o
 .debug_info    0x0000000000003ffe      0x734 ./Drivers/STM32F1xx_HAL_Driver/Src/stm32f1xx_hal.o
 .debug_info    0x0000000000004732      0xb20 ./Drivers/STM32F1xx_HAL_Driver/Src/stm32f1xx_hal_cortex.o
 .debug_info    0x0000000000005252      0x73f ./Drivers/STM32F1xx_HAL_Driver/Src/stm32f1xx_hal_dma.o
 .debug_info    0x0000000000005991      0x615 ./Drivers/STM32F1xx_HAL_Driver/Src/stm32f1xx_hal_gpio.o
 .debug_info    0x0000000000005fa6      0x860 ./Drivers/STM32F1xx_HAL_Driver/Src/stm32f1xx_hal_rcc.o
 .debug_info    0x0000000000006806     0x29de ./Drivers/STM32F1xx_HAL_Driver/Src/stm32f1xx_hal_tim.o
 .debug_info    0x00000000000091e4     0x1513 ./Drivers/STM32F1xx_HAL_Driver/Src/stm32f1xx_hal_tim_ex.o
 .debug_info    0x000000000000a6f7     0x15d8 ./Drivers/STM32F1xx_HAL_Driver/Src/stm32f1xx_hal_uart.o

.debug_abbrev   0x0000000000000000     0x1f8a
 .debug_abbrev  0x0000000000000000       0xb6 ./Core/Src/SoftwareTimer.o
 .debug_abbrev  0x00000000000000b6      0x10b ./Core/Src/button.o
 .debug_abbrev  0x00000000000001c1       0x70 ./Core/Src/global.o
 .debug_abbrev  0x0000000000000231      0x2a4 ./Core/Src/input_processing.o
 .debug_abbrev  0x00000000000004d5      0x2e1 ./Core/Src/main.o
 .debug_abbrev  0x00000000000007b6      0x1c5 ./Core/Src/stm32f1xx_hal_msp.o
 .debug_abbrev  0x000000000000097b      0x184 ./Core/Src/stm32f1xx_it.o
 .debug_abbrev  0x0000000000000aff       0xbb ./Core/Src/sysmem.o
 .debug_abbrev  0x0000000000000bba      0x13b ./Core/Src/system_stm32f1xx.o
 .debug_abbrev  0x0000000000000cf5       0x12 ./Core/Startup/startup_stm32f103rbtx.o
 .debug_abbrev  0x0000000000000d07      0x1fb ./Drivers/STM32F1xx_HAL_Driver/Src/stm32f1xx_hal.o
 .debug_abbrev  0x0000000000000f02      0x2ed ./Drivers/STM32F1xx_HAL_Driver/Src/stm32f1xx_hal_cortex.o
 .debug_abbrev  0x00000000000011ef      0x1fe ./Drivers/STM32F1xx_HAL_Driver/Src/stm32f1xx_hal_dma.o
 .debug_abbrev  0x00000000000013ed      0x1bb ./Drivers/STM32F1xx_HAL_Driver/Src/stm32f1xx_hal_gpio.o
 .debug_abbrev  0x00000000000015a8      0x2a8 ./Drivers/STM32F1xx_HAL_Driver/Src/stm32f1xx_hal_rcc.o
 .debug_abbrev  0x0000000000001850      0x25d ./Drivers/STM32F1xx_HAL_Driver/Src/stm32f1xx_hal_tim.o
 .debug_abbrev  0x0000000000001aad      0x265 ./Drivers/STM32F1xx_HAL_Driver/Src/stm32f1xx_hal_tim_ex.o
 .debug_abbrev  0x0000000000001d12      0x278 ./Drivers/STM32F1xx_HAL_Driver/Src/stm32f1xx_hal_uart.o

.debug_aranges  0x0000000000000000      0xd70
 .debug_aranges
                0x0000000000000000       0x40 ./Core/Src/SoftwareTimer.o
 .debug_aranges
                0x0000000000000040       0x60 ./Core/Src/button.o
 .debug_aranges
                0x00000000000000a0       0x18 ./Core/Src/global.o
 .debug_aranges
                0x00000000000000b8       0xb0 ./Core/Src/input_processing.o
 .debug_aranges
                0x0000000000000168       0x58 ./Core/Src/main.o
 .debug_aranges
                0x00000000000001c0       0x48 ./Core/Src/stm32f1xx_hal_msp.o
 .debug_aranges
                0x0000000000000208       0x78 ./Core/Src/stm32f1xx_it.o
 .debug_aranges
                0x0000000000000280       0x20 ./Core/Src/sysmem.o
 .debug_aranges
                0x00000000000002a0       0x28 ./Core/Src/system_stm32f1xx.o
 .debug_aranges
                0x00000000000002c8       0x28 ./Core/Startup/startup_stm32f103rbtx.o
 .debug_aranges
                0x00000000000002f0       0xe0 ./Drivers/STM32F1xx_HAL_Driver/Src/stm32f1xx_hal.o
 .debug_aranges
                0x00000000000003d0      0x100 ./Drivers/STM32F1xx_HAL_Driver/Src/stm32f1xx_hal_cortex.o
 .debug_aranges
                0x00000000000004d0       0x80 ./Drivers/STM32F1xx_HAL_Driver/Src/stm32f1xx_hal_dma.o
 .debug_aranges
                0x0000000000000550       0x58 ./Drivers/STM32F1xx_HAL_Driver/Src/stm32f1xx_hal_gpio.o
 .debug_aranges
                0x00000000000005a8       0x90 ./Drivers/STM32F1xx_HAL_Driver/Src/stm32f1xx_hal_rcc.o
 .debug_aranges
                0x0000000000000638      0x3d0 ./Drivers/STM32F1xx_HAL_Driver/Src/stm32f1xx_hal_tim.o
 .debug_aranges
                0x0000000000000a08      0x168 ./Drivers/STM32F1xx_HAL_Driver/Src/stm32f1xx_hal_tim_ex.o
 .debug_aranges
                0x0000000000000b70      0x200 ./Drivers/STM32F1xx_HAL_Driver/Src/stm32f1xx_hal_uart.o

.debug_ranges   0x0000000000000000      0xc80
 .debug_ranges  0x0000000000000000       0x30 ./Core/Src/SoftwareTimer.o
 .debug_ranges  0x0000000000000030       0x50 ./Core/Src/button.o
 .debug_ranges  0x0000000000000080       0xa0 ./Core/Src/input_processing.o
 .debug_ranges  0x0000000000000120       0x48 ./Core/Src/main.o
 .debug_ranges  0x0000000000000168       0x38 ./Core/Src/stm32f1xx_hal_msp.o
 .debug_ranges  0x00000000000001a0       0x68 ./Core/Src/stm32f1xx_it.o
 .debug_ranges  0x0000000000000208       0x10 ./Core/Src/sysmem.o
 .debug_ranges  0x0000000000000218       0x18 ./Core/Src/system_stm32f1xx.o
 .debug_ranges  0x0000000000000230       0x20 ./Core/Startup/startup_stm32f103rbtx.o
 .debug_ranges  0x0000000000000250       0xd0 ./Drivers/STM32F1xx_HAL_Driver/Src/stm32f1xx_hal.o
 .debug_ranges  0x0000000000000320       0xf0 ./Drivers/STM32F1xx_HAL_Driver/Src/stm32f1xx_hal_cortex.o
 .debug_ranges  0x0000000000000410       0x70 ./Drivers/STM32F1xx_HAL_Driver/Src/stm32f1xx_hal_dma.o
 .debug_ranges  0x0000000000000480       0x48 ./Drivers/STM32F1xx_HAL_Driver/Src/stm32f1xx_hal_gpio.o
 .debug_ranges  0x00000000000004c8       0x80 ./Drivers/STM32F1xx_HAL_Driver/Src/stm32f1xx_hal_rcc.o
 .debug_ranges  0x0000000000000548      0x3c0 ./Drivers/STM32F1xx_HAL_Driver/Src/stm32f1xx_hal_tim.o
 .debug_ranges  0x0000000000000908      0x158 ./Drivers/STM32F1xx_HAL_Driver/Src/stm32f1xx_hal_tim_ex.o
 .debug_ranges  0x0000000000000a60      0x220 ./Drivers/STM32F1xx_HAL_Driver/Src/stm32f1xx_hal_uart.o

.debug_macro    0x0000000000000000    0x17f8d
 .debug_macro   0x0000000000000000       0x1b ./Core/Src/SoftwareTimer.o
 .debug_macro   0x000000000000001b      0xa6c ./Core/Src/SoftwareTimer.o
 .debug_macro   0x0000000000000a87      0x1c1 ./Core/Src/button.o
 .debug_macro   0x0000000000000c48      0x21b ./Core/Src/button.o
 .debug_macro   0x0000000000000e63       0x2e ./Core/Src/button.o
 .debug_macro   0x0000000000000e91       0x22 ./Core/Src/button.o
 .debug_macro   0x0000000000000eb3       0x22 ./Core/Src/button.o
 .debug_macro   0x0000000000000ed5       0x8e ./Core/Src/button.o
 .debug_macro   0x0000000000000f63       0x51 ./Core/Src/button.o
 .debug_macro   0x0000000000000fb4      0x103 ./Core/Src/button.o
 .debug_macro   0x00000000000010b7       0x6a ./Core/Src/button.o
 .debug_macro   0x0000000000001121      0x1df ./Core/Src/button.o
 .debug_macro   0x0000000000001300       0x1c ./Core/Src/button.o
 .debug_macro   0x000000000000131c       0x22 ./Core/Src/button.o
 .debug_macro   0x000000000000133e       0xbd ./Core/Src/button.o
 .debug_macro   0x00000000000013fb      0xd23 ./Core/Src/button.o
 .debug_macro   0x000000000000211e     0xe09e ./Core/Src/button.o
 .debug_macro   0x00000000000101bc       0x6d ./Core/Src/button.o
 .debug_macro   0x0000000000010229     0x3468 ./Core/Src/button.o
 .debug_macro   0x0000000000013691      0x174 ./Core/Src/button.o
 .debug_macro   0x0000000000013805       0x5c ./Core/Src/button.o
 .debug_macro   0x0000000000013861      0x5be ./Core/Src/button.o
 .debug_macro   0x0000000000013e1f      0x289 ./Core/Src/button.o
 .debug_macro   0x00000000000140a8      0x1cb ./Core/Src/button.o
 .debug_macro   0x0000000000014273      0x114 ./Core/Src/button.o
 .debug_macro   0x0000000000014387      0x1b2 ./Core/Src/button.o
 .debug_macro   0x0000000000014539       0x27 ./Core/Src/button.o
 .debug_macro   0x0000000000014560      0x136 ./Core/Src/button.o
 .debug_macro   0x0000000000014696      0x1bc ./Core/Src/button.o
 .debug_macro   0x0000000000014852       0x34 ./Core/Src/button.o
 .debug_macro   0x0000000000014886       0x3c ./Core/Src/button.o
 .debug_macro   0x00000000000148c2       0x57 ./Core/Src/button.o
 .debug_macro   0x0000000000014919       0x88 ./Core/Src/button.o
 .debug_macro   0x00000000000149a1      0x241 ./Core/Src/button.o
 .debug_macro   0x0000000000014be2      0x141 ./Core/Src/button.o
 .debug_macro   0x0000000000014d23      0x8d1 ./Core/Src/button.o
 .debug_macro   0x00000000000155f4      0x279 ./Core/Src/button.o
 .debug_macro   0x000000000001586d       0x83 ./Core/Src/button.o
 .debug_macro   0x00000000000158f0       0x7c ./Core/Src/button.o
 .debug_macro   0x000000000001596c       0x1c ./Core/Src/button.o
 .debug_macro   0x0000000000015988       0x1b ./Core/Src/global.o
 .debug_macro   0x00000000000159a3      0x354 ./Core/Src/input_processing.o
 .debug_macro   0x0000000000015cf7       0x52 ./Core/Src/input_processing.o
 .debug_macro   0x0000000000015d49       0x18 ./Core/Src/input_processing.o
 .debug_macro   0x0000000000015d61       0x3c ./Core/Src/input_processing.o
 .debug_macro   0x0000000000015d9d       0x34 ./Core/Src/input_processing.o
 .debug_macro   0x0000000000015dd1       0x16 ./Core/Src/input_processing.o
 .debug_macro   0x0000000000015de7       0x35 ./Core/Src/input_processing.o
 .debug_macro   0x0000000000015e1c      0x341 ./Core/Src/input_processing.o
 .debug_macro   0x000000000001615d       0x10 ./Core/Src/input_processing.o
 .debug_macro   0x000000000001616d       0x16 ./Core/Src/input_processing.o
 .debug_macro   0x0000000000016183       0x43 ./Core/Src/input_processing.o
 .debug_macro   0x00000000000161c6       0x34 ./Core/Src/input_processing.o
 .debug_macro   0x00000000000161fa       0x10 ./Core/Src/input_processing.o
 .debug_macro   0x000000000001620a       0x58 ./Core/Src/input_processing.o
 .debug_macro   0x0000000000016262       0x71 ./Core/Src/input_processing.o
 .debug_macro   0x00000000000162d3       0x1c ./Core/Src/input_processing.o
 .debug_macro   0x00000000000162ef      0x12a ./Core/Src/input_processing.o
 .debug_macro   0x0000000000016419       0x10 ./Core/Src/input_processing.o
 .debug_macro   0x0000000000016429       0x1c ./Core/Src/input_processing.o
 .debug_macro   0x0000000000016445       0x52 ./Core/Src/input_processing.o
 .debug_macro   0x0000000000016497       0x22 ./Core/Src/input_processing.o
 .debug_macro   0x00000000000164b9       0x10 ./Core/Src/input_processing.o
 .debug_macro   0x00000000000164c9       0x52 ./Core/Src/input_processing.o
 .debug_macro   0x000000000001651b       0xd5 ./Core/Src/input_processing.o
 .debug_macro   0x00000000000165f0       0x1c ./Core/Src/input_processing.o
 .debug_macro   0x000000000001660c       0x3d ./Core/Src/input_processing.o
 .debug_macro   0x0000000000016649       0x16 ./Core/Src/input_processing.o
 .debug_macro   0x000000000001665f      0x145 ./Core/Src/input_processing.o
 .debug_macro   0x00000000000167a4      0x1e3 ./Core/Src/main.o
 .debug_macro   0x0000000000016987      0x1b2 ./Core/Src/stm32f1xx_hal_msp.o
 .debug_macro   0x0000000000016b39      0x1bc ./Core/Src/stm32f1xx_it.o
 .debug_macro   0x0000000000016cf5       0xff ./Core/Src/sysmem.o
 .debug_macro   0x0000000000016df4      0x23b ./Core/Src/sysmem.o
 .debug_macro   0x000000000001702f      0x1a3 ./Core/Src/system_stm32f1xx.o
 .debug_macro   0x00000000000171d2      0x1c7 ./Drivers/STM32F1xx_HAL_Driver/Src/stm32f1xx_hal.o
 .debug_macro   0x0000000000017399      0x1a3 ./Drivers/STM32F1xx_HAL_Driver/Src/stm32f1xx_hal_cortex.o
 .debug_macro   0x000000000001753c      0x1a3 ./Drivers/STM32F1xx_HAL_Driver/Src/stm32f1xx_hal_dma.o
 .debug_macro   0x00000000000176df      0x20e ./Drivers/STM32F1xx_HAL_Driver/Src/stm32f1xx_hal_gpio.o
 .debug_macro   0x00000000000178ed      0x1b5 ./Drivers/STM32F1xx_HAL_Driver/Src/stm32f1xx_hal_rcc.o
 .debug_macro   0x0000000000017aa2      0x1a4 ./Drivers/STM32F1xx_HAL_Driver/Src/stm32f1xx_hal_tim.o
 .debug_macro   0x0000000000017c46      0x1a3 ./Drivers/STM32F1xx_HAL_Driver/Src/stm32f1xx_hal_tim_ex.o
 .debug_macro   0x0000000000017de9      0x1a4 ./Drivers/STM32F1xx_HAL_Driver/Src/stm32f1xx_hal_uart.o

.debug_line     0x0000000000000000     0xda8b
 .debug_line    0x0000000000000000      0x12b ./Core/Src/SoftwareTimer.o
 .debug_line    0x000000000000012b      0x7ae ./Core/Src/button.o
 .debug_line    0x00000000000008d9       0x4d ./Core/Src/global.o
 .debug_line    0x0000000000000926      0xee8 ./Core/Src/input_processing.o
 .debug_line    0x000000000000180e      0x8a2 ./Core/Src/main.o
 .debug_line    0x00000000000020b0      0x76a ./Core/Src/stm32f1xx_hal_msp.o
 .debug_line    0x000000000000281a      0x794 ./Core/Src/stm32f1xx_it.o
 .debug_line    0x0000000000002fae      0x508 ./Core/Src/sysmem.o
 .debug_line    0x00000000000034b6      0x708 ./Core/Src/system_stm32f1xx.o
 .debug_line    0x0000000000003bbe       0x87 ./Core/Startup/startup_stm32f103rbtx.o
 .debug_line    0x0000000000003c45      0x935 ./Drivers/STM32F1xx_HAL_Driver/Src/stm32f1xx_hal.o
 .debug_line    0x000000000000457a      0xb1d ./Drivers/STM32F1xx_HAL_Driver/Src/stm32f1xx_hal_cortex.o
 .debug_line    0x0000000000005097      0xd8d ./Drivers/STM32F1xx_HAL_Driver/Src/stm32f1xx_hal_dma.o
 .debug_line    0x0000000000005e24      0x9cc ./Drivers/STM32F1xx_HAL_Driver/Src/stm32f1xx_hal_gpio.o
 .debug_line    0x00000000000067f0      0xd43 ./Drivers/STM32F1xx_HAL_Driver/Src/stm32f1xx_hal_rcc.o
 .debug_line    0x0000000000007533     0x32eb ./Drivers/STM32F1xx_HAL_Driver/Src/stm32f1xx_hal_tim.o
 .debug_line    0x000000000000a81e     0x185d ./Drivers/STM32F1xx_HAL_Driver/Src/stm32f1xx_hal_tim_ex.o
 .debug_line    0x000000000000c07b     0x1a10 ./Drivers/STM32F1xx_HAL_Driver/Src/stm32f1xx_hal_uart.o

.debug_str      0x0000000000000000    0x8ad8d
 .debug_str     0x0000000000000000     0x2d4e ./Core/Src/SoftwareTimer.o
 .debug_str     0x0000000000002d4e    0x80652 ./Core/Src/button.o
                                      0x83610 (size before relaxing)
 .debug_str     0x00000000000833a0       0x36 ./Core/Src/global.o
                                       0x2cce (size before relaxing)
 .debug_str     0x00000000000833d6     0x46b8 ./Core/Src/input_processing.o
                                      0x87c9a (size before relaxing)
 .debug_str     0x0000000000087a8e      0x43a ./Core/Src/main.o
                                      0x84031 (size before relaxing)
 .debug_str     0x0000000000087ec8      0x36e ./Core/Src/stm32f1xx_hal_msp.o
                                      0x83edd (size before relaxing)
 .debug_str     0x0000000000088236      0x122 ./Core/Src/stm32f1xx_it.o
                                      0x83b7d (size before relaxing)
 .debug_str     0x0000000000088358      0x4da ./Core/Src/sysmem.o
                                       0x5d5d (size before relaxing)
 .debug_str     0x0000000000088832       0x7e ./Core/Src/system_stm32f1xx.o
                                      0x832c8 (size before relaxing)
 .debug_str     0x00000000000888b0       0x36 ./Core/Startup/startup_stm32f103rbtx.o
                                         0x77 (size before relaxing)
 .debug_str     0x00000000000888e6      0x38e ./Drivers/STM32F1xx_HAL_Driver/Src/stm32f1xx_hal.o
                                      0x839fb (size before relaxing)
 .debug_str     0x0000000000088c74      0x294 ./Drivers/STM32F1xx_HAL_Driver/Src/stm32f1xx_hal_cortex.o
                                      0x83947 (size before relaxing)
 .debug_str     0x0000000000088f08      0x235 ./Drivers/STM32F1xx_HAL_Driver/Src/stm32f1xx_hal_dma.o
                                      0x83671 (size before relaxing)
 .debug_str     0x000000000008913d      0x2d0 ./Drivers/STM32F1xx_HAL_Driver/Src/stm32f1xx_hal_gpio.o
                                      0x8364e (size before relaxing)
 .debug_str     0x000000000008940d      0x229 ./Drivers/STM32F1xx_HAL_Driver/Src/stm32f1xx_hal_rcc.o
                                      0x836f7 (size before relaxing)
 .debug_str     0x0000000000089636      0xd0b ./Drivers/STM32F1xx_HAL_Driver/Src/stm32f1xx_hal_tim.o
                                      0x846e2 (size before relaxing)
 .debug_str     0x000000000008a341      0x493 ./Drivers/STM32F1xx_HAL_Driver/Src/stm32f1xx_hal_tim_ex.o
                                      0x83efe (size before relaxing)
 .debug_str     0x000000000008a7d4      0x5b9 ./Drivers/STM32F1xx_HAL_Driver/Src/stm32f1xx_hal_uart.o
                                      0x83d02 (size before relaxing)

.comment        0x0000000000000000       0x50
 .comment       0x0000000000000000       0x50 ./Core/Src/SoftwareTimer.o
                                         0x51 (size before relaxing)
 .comment       0x0000000000000050       0x51 ./Core/Src/button.o
 .comment       0x0000000000000050       0x51 ./Core/Src/global.o
 .comment       0x0000000000000050       0x51 ./Core/Src/input_processing.o
 .comment       0x0000000000000050       0x51 ./Core/Src/main.o
 .comment       0x0000000000000050       0x51 ./Core/Src/stm32f1xx_hal_msp.o
 .comment       0x0000000000000050       0x51 ./Core/Src/stm32f1xx_it.o
 .comment       0x0000000000000050       0x51 ./Core/Src/sysmem.o
 .comment       0x0000000000000050       0x51 ./Core/Src/system_stm32f1xx.o
 .comment       0x0000000000000050       0x51 ./Drivers/STM32F1xx_HAL_Driver/Src/stm32f1xx_hal.o
 .comment       0x0000000000000050       0x51 ./Drivers/STM32F1xx_HAL_Driver/Src/stm32f1xx_hal_cortex.o
 .comment       0x0000000000000050       0x51 ./Drivers/STM32F1xx_HAL_Driver/Src/stm32f1xx_hal_dma.o
 .comment       0x0000000000000050       0x51 ./Drivers/STM32F1xx_HAL_Driver/Src/stm32f1xx_hal_gpio.o
 .comment       0x0000000000000050       0x51 ./Drivers/STM32F1xx_HAL_Driver/Src/stm32f1xx_hal_rcc.o
 .comment       0x0000000000000050       0x51 ./Drivers/STM32F1xx_HAL_Driver/Src/stm32f1xx_hal_tim.o
 .comment       0x0000000000000050       0x51 ./Drivers/STM32F1xx_HAL_Driver/Src/stm32f1xx_hal_tim_ex.o
 .comment       0x0000000000000050       0x51 ./Drivers/STM32F1xx_HAL_Driver/Src/stm32f1xx_hal_uart.o

.debug_frame    0x0000000000000000     0x3a94
 .debug_frame   0x0000000000000000       0xd0 ./Core/Src/SoftwareTimer.o
 .debug_frame   0x00000000000000d0      0x120 ./Core/Src/button.o
 .debug_frame   0x00000000000001f0      0x268 ./Core/Src/input_processing.o
 .debug_frame   0x0000000000000458      0x114 ./Core/Src/main.o
 .debug_frame   0x000000000000056c       0xec ./Core/Src/stm32f1xx_hal_msp.o
 .debug_frame   0x0000000000000658      0x158 ./Core/Src/stm32f1xx_it.o
 .debug_frame   0x00000000000007b0       0x34 ./Core/Src/sysmem.o
 .debug_frame   0x00000000000007e4       0x58 ./Core/Src/system_stm32f1xx.o
 .debug_frame   0x000000000000083c      0x334 ./Drivers/STM32F1xx_HAL_Driver/Src/stm32f1xx_hal.o
 .debug_frame   0x0000000000000b70      0x428 ./Drivers/STM32F1xx_HAL_Driver/Src/stm32f1xx_hal_cortex.o
 .debug_frame   0x0000000000000f98      0x208 ./Drivers/STM32F1xx_HAL_Driver/Src/stm32f1xx_hal_dma.o
 .debug_frame   0x00000000000011a0      0x14c ./Drivers/STM32F1xx_HAL_Driver/Src/stm32f1xx_hal_gpio.o
 .debug_frame   0x00000000000012ec      0x21c ./Drivers/STM32F1xx_HAL_Driver/Src/stm32f1xx_hal_rcc.o
 .debug_frame   0x0000000000001508     0x11b8 ./Drivers/STM32F1xx_HAL_Driver/Src/stm32f1xx_hal_tim.o
 .debug_frame   0x00000000000026c0      0x638 ./Drivers/STM32F1xx_HAL_Driver/Src/stm32f1xx_hal_tim_ex.o
 .debug_frame   0x0000000000002cf8      0x914 ./Drivers/STM32F1xx_HAL_Driver/Src/stm32f1xx_hal_uart.o
 .debug_frame   0x000000000000360c       0x20 d:/stm32cube/stm32cubeide_1.7.0/stm32cubeide/plugins/com.st.stm32cube.ide.mcu.externaltools.gnu-tools-for-stm32.10.3-2021.10.win32_1.0.0.202111181127/tools/bin/../lib/gcc/arm-none-eabi/10.3.1/../../../../arm-none-eabi/lib/thumb/v7-m/nofp\libc_nano.a(lib_a-errno.o)
 .debug_frame   0x000000000000362c       0x2c d:/stm32cube/stm32cubeide_1.7.0/stm32cubeide/plugins/com.st.stm32cube.ide.mcu.externaltools.gnu-tools-for-stm32.10.3-2021.10.win32_1.0.0.202111181127/tools/bin/../lib/gcc/arm-none-eabi/10.3.1/../../../../arm-none-eabi/lib/thumb/v7-m/nofp\libc_nano.a(lib_a-init.o)
 .debug_frame   0x0000000000003658       0x20 d:/stm32cube/stm32cubeide_1.7.0/stm32cubeide/plugins/com.st.stm32cube.ide.mcu.externaltools.gnu-tools-for-stm32.10.3-2021.10.win32_1.0.0.202111181127/tools/bin/../lib/gcc/arm-none-eabi/10.3.1/../../../../arm-none-eabi/lib/thumb/v7-m/nofp\libc_nano.a(lib_a-memset.o)
 .debug_frame   0x0000000000003678       0x6c d:/stm32cube/stm32cubeide_1.7.0/stm32cubeide/plugins/com.st.stm32cube.ide.mcu.externaltools.gnu-tools-for-stm32.10.3-2021.10.win32_1.0.0.202111181127/tools/bin/../lib/gcc/arm-none-eabi/10.3.1/../../../../arm-none-eabi/lib/thumb/v7-m/nofp\libc_nano.a(lib_a-sprintf.o)
 .debug_frame   0x00000000000036e4       0x90 d:/stm32cube/stm32cubeide_1.7.0/stm32cubeide/plugins/com.st.stm32cube.ide.mcu.externaltools.gnu-tools-for-stm32.10.3-2021.10.win32_1.0.0.202111181127/tools/bin/../lib/gcc/arm-none-eabi/10.3.1/../../../../arm-none-eabi/lib/thumb/v7-m/nofp\libc_nano.a(lib_a-nano-svfprintf.o)
 .debug_frame   0x0000000000003774       0x60 d:/stm32cube/stm32cubeide_1.7.0/stm32cubeide/plugins/com.st.stm32cube.ide.mcu.externaltools.gnu-tools-for-stm32.10.3-2021.10.win32_1.0.0.202111181127/tools/bin/../lib/gcc/arm-none-eabi/10.3.1/../../../../arm-none-eabi/lib/thumb/v7-m/nofp\libc_nano.a(lib_a-nano-vfprintf_i.o)
 .debug_frame   0x00000000000037d4       0x28 d:/stm32cube/stm32cubeide_1.7.0/stm32cubeide/plugins/com.st.stm32cube.ide.mcu.externaltools.gnu-tools-for-stm32.10.3-2021.10.win32_1.0.0.202111181127/tools/bin/../lib/gcc/arm-none-eabi/10.3.1/../../../../arm-none-eabi/lib/thumb/v7-m/nofp\libc_nano.a(lib_a-memchr-stub.o)
 .debug_frame   0x00000000000037fc       0x28 d:/stm32cube/stm32cubeide_1.7.0/stm32cubeide/plugins/com.st.stm32cube.ide.mcu.externaltools.gnu-tools-for-stm32.10.3-2021.10.win32_1.0.0.202111181127/tools/bin/../lib/gcc/arm-none-eabi/10.3.1/../../../../arm-none-eabi/lib/thumb/v7-m/nofp\libc_nano.a(lib_a-memcpy-stub.o)
 .debug_frame   0x0000000000003824       0x28 d:/stm32cube/stm32cubeide_1.7.0/stm32cubeide/plugins/com.st.stm32cube.ide.mcu.externaltools.gnu-tools-for-stm32.10.3-2021.10.win32_1.0.0.202111181127/tools/bin/../lib/gcc/arm-none-eabi/10.3.1/../../../../arm-none-eabi/lib/thumb/v7-m/nofp\libc_nano.a(lib_a-memmove.o)
 .debug_frame   0x000000000000384c       0x38 d:/stm32cube/stm32cubeide_1.7.0/stm32cubeide/plugins/com.st.stm32cube.ide.mcu.externaltools.gnu-tools-for-stm32.10.3-2021.10.win32_1.0.0.202111181127/tools/bin/../lib/gcc/arm-none-eabi/10.3.1/../../../../arm-none-eabi/lib/thumb/v7-m/nofp\libc_nano.a(lib_a-nano-freer.o)
 .debug_frame   0x0000000000003884       0x4c d:/stm32cube/stm32cubeide_1.7.0/stm32cubeide/plugins/com.st.stm32cube.ide.mcu.externaltools.gnu-tools-for-stm32.10.3-2021.10.win32_1.0.0.202111181127/tools/bin/../lib/gcc/arm-none-eabi/10.3.1/../../../../arm-none-eabi/lib/thumb/v7-m/nofp\libc_nano.a(lib_a-nano-mallocr.o)
 .debug_frame   0x00000000000038d0       0x3c d:/stm32cube/stm32cubeide_1.7.0/stm32cubeide/plugins/com.st.stm32cube.ide.mcu.externaltools.gnu-tools-for-stm32.10.3-2021.10.win32_1.0.0.202111181127/tools/bin/../lib/gcc/arm-none-eabi/10.3.1/../../../../arm-none-eabi/lib/thumb/v7-m/nofp\libc_nano.a(lib_a-nano-reallocr.o)
 .debug_frame   0x000000000000390c       0x2c d:/stm32cube/stm32cubeide_1.7.0/stm32cubeide/plugins/com.st.stm32cube.ide.mcu.externaltools.gnu-tools-for-stm32.10.3-2021.10.win32_1.0.0.202111181127/tools/bin/../lib/gcc/arm-none-eabi/10.3.1/../../../../arm-none-eabi/lib/thumb/v7-m/nofp\libc_nano.a(lib_a-sbrkr.o)
 .debug_frame   0x0000000000003938       0x30 d:/stm32cube/stm32cubeide_1.7.0/stm32cubeide/plugins/com.st.stm32cube.ide.mcu.externaltools.gnu-tools-for-stm32.10.3-2021.10.win32_1.0.0.202111181127/tools/bin/../lib/gcc/arm-none-eabi/10.3.1/../../../../arm-none-eabi/lib/thumb/v7-m/nofp\libc_nano.a(lib_a-mlock.o)
 .debug_frame   0x0000000000003968       0x20 d:/stm32cube/stm32cubeide_1.7.0/stm32cubeide/plugins/com.st.stm32cube.ide.mcu.externaltools.gnu-tools-for-stm32.10.3-2021.10.win32_1.0.0.202111181127/tools/bin/../lib/gcc/arm-none-eabi/10.3.1/../../../../arm-none-eabi/lib/thumb/v7-m/nofp\libc_nano.a(lib_a-nano-msizer.o)
 .debug_frame   0x0000000000003988       0x5c d:/stm32cube/stm32cubeide_1.7.0/stm32cubeide/plugins/com.st.stm32cube.ide.mcu.externaltools.gnu-tools-for-stm32.10.3-2021.10.win32_1.0.0.202111181127/tools/bin/../lib/gcc/arm-none-eabi/10.3.1/../../../../arm-none-eabi/lib/thumb/v7-m/nofp\libc_nano.a(lib_a-reent.o)
 .debug_frame   0x00000000000039e4       0xb0 d:/stm32cube/stm32cubeide_1.7.0/stm32cubeide/plugins/com.st.stm32cube.ide.mcu.externaltools.gnu-tools-for-stm32.10.3-2021.10.win32_1.0.0.202111181127/tools/bin/../lib/gcc/arm-none-eabi/10.3.1/../../../../arm-none-eabi/lib/thumb/v7-m/nofp\libc_nano.a(lib_a-lock.o)