../Core/Src/input_processing.c:82:6:fsm_for_input_processing	16	static
../Core/Src/input_processing.c:516:6:increaseTempDur	16	static
../Core/Src/input_processing.c:536:6:updateDuration	16	static
../Core/Src/input_processing.c:552:6:displaySingleLedsMode1	8	static
../Core/Src/input_processing.c:574:6:trafficLightCount	16	static
../Core/Src/input_processing.c:598:6:turnOffSingleLed	8	static
../Core/Src/input_processing.c:603:6:ledBlinking	16	static
../Core/Src/input_processing.c:628:6:PES_LED_ON	8	static
../Core/Src/input_processing.c:632:6:PES_LED_RED	8	static
../Core/Src/input_processing.c:636:6:PES_LED_OFF	8	static
../Core/Src/input_processing.c:640:6:turnOnGreen1	8	static
../Core/Src/input_processing.c:644:6:turnOnRed1	8	static
../Core/Src/input_processing.c:648:6:turnOnYellow1	8	static
../Core/Src/input_processing.c:652:6:turnOff1	8	static
../Core/Src/input_processing.c:656:6:turnOnGreen2	8	static
../Core/Src/input_processing.c:660:6:turnOnRed2	8	static
../Core/Src/input_processing.c:664:6:turnOnYellow2	8	static
../Core/Src/input_processing.c:668:6:turnOff2	8	static
../Core/Src/input_processing.c:672:6:update_led_buffer	16	static
