../Core/Src/input_processing.c:73:6:fsm_for_input_processing	8	static
../Core/Src/input_processing.c:372:6:increaseTempDur	16	static
../Core/Src/input_processing.c:392:6:updateDuration	16	static
../Core/Src/input_processing.c:408:6:displaySingleLedsMode1	8	static
../Core/Src/input_processing.c:436:6:trafficLightCount	16	static
../Core/Src/input_processing.c:460:6:turnOffSingleLed	8	static
../Core/Src/input_processing.c:482:6:PES_LED_ON	8	static
../Core/Src/input_processing.c:486:6:PES_LED_OFF	8	static
../Core/Src/input_processing.c:490:6:turnOnGreen1	8	static
../Core/Src/input_processing.c:494:6:turnOnRed1	8	static
../Core/Src/input_processing.c:498:6:turnOnYellow1	8	static
../Core/Src/input_processing.c:502:6:turnOff1	8	static
../Core/Src/input_processing.c:506:6:turnOnGreen2	8	static
../Core/Src/input_processing.c:510:6:turnOnRed2	8	static
../Core/Src/input_processing.c:514:6:turnOnYellow2	8	static
../Core/Src/input_processing.c:518:6:turnOff2	8	static
