input_processing.c:74:6:fsm_for_input_processing	8	static
input_processing.c:383:6:increaseTempDur	16	static
input_processing.c:403:6:updateDuration	16	static
input_processing.c:419:6:displaySingleLedsMode1	8	static
input_processing.c:441:6:trafficLightCount	16	static
input_processing.c:465:6:turnOffSingleLed	8	static
input_processing.c:487:6:PES_LED_ON	8	static
input_processing.c:491:6:PES_LED_OFF	8	static
input_processing.c:495:6:turnOnGreen1	8	static
input_processing.c:499:6:turnOnRed1	8	static
input_processing.c:503:6:turnOnYellow1	8	static
input_processing.c:507:6:turnOff1	8	static
input_processing.c:511:6:turnOnGreen2	8	static
input_processing.c:515:6:turnOnRed2	8	static
input_processing.c:519:6:turnOnYellow2	8	static
input_processing.c:523:6:turnOff2	8	static
