../Core/Src/input_processing.c:80:6:fsm_for_input_processing	16	static
../Core/Src/input_processing.c:503:6:increaseTempDur	16	static
../Core/Src/input_processing.c:523:6:updateDuration	16	static
../Core/Src/input_processing.c:539:6:displaySingleLedsMode1	8	static
../Core/Src/input_processing.c:561:6:trafficLightCount	16	static
../Core/Src/input_processing.c:585:6:turnOffSingleLed	8	static
../Core/Src/input_processing.c:590:6:ledBlinking	16	static
../Core/Src/input_processing.c:615:6:PES_LED_ON	8	static
../Core/Src/input_processing.c:619:6:PES_LED_RED	8	static
../Core/Src/input_processing.c:623:6:PES_LED_OFF	8	static
../Core/Src/input_processing.c:627:6:turnOnGreen1	8	static
../Core/Src/input_processing.c:631:6:turnOnRed1	8	static
../Core/Src/input_processing.c:635:6:turnOnYellow1	8	static
../Core/Src/input_processing.c:639:6:turnOff1	8	static
../Core/Src/input_processing.c:643:6:turnOnGreen2	8	static
../Core/Src/input_processing.c:647:6:turnOnRed2	8	static
../Core/Src/input_processing.c:651:6:turnOnYellow2	8	static
../Core/Src/input_processing.c:655:6:turnOff2	8	static
../Core/Src/input_processing.c:659:6:update_led_buffer	16	static
