../Core/Src/input_processing.c:82:6:fsm_for_input_processing	16	static
../Core/Src/input_processing.c:517:6:increaseTempDur	16	static
../Core/Src/input_processing.c:537:6:updateDuration	16	static
../Core/Src/input_processing.c:553:6:displaySingleLedsMode1	8	static
../Core/Src/input_processing.c:575:6:trafficLightCount	16	static
../Core/Src/input_processing.c:599:6:turnOffSingleLed	8	static
../Core/Src/input_processing.c:604:6:ledBlinking	16	static
../Core/Src/input_processing.c:629:6:PES_LED_ON	8	static
../Core/Src/input_processing.c:633:6:PES_LED_RED	8	static
../Core/Src/input_processing.c:637:6:PES_LED_OFF	8	static
../Core/Src/input_processing.c:641:6:turnOnGreen1	8	static
../Core/Src/input_processing.c:645:6:turnOnRed1	8	static
../Core/Src/input_processing.c:649:6:turnOnYellow1	8	static
../Core/Src/input_processing.c:653:6:turnOff1	8	static
../Core/Src/input_processing.c:657:6:turnOnGreen2	8	static
../Core/Src/input_processing.c:661:6:turnOnRed2	8	static
../Core/Src/input_processing.c:665:6:turnOnYellow2	8	static
../Core/Src/input_processing.c:669:6:turnOff2	8	static
../Core/Src/input_processing.c:673:6:update_led_buffer	16	static
